<html>
<body>
<pre>
<h1>µVision Build Log</h1>
<h2>Tool Versions:</h2>
IDE-Version: µVision V5.21.1.0
Copyright (C) 2016 ARM Ltd and ARM Germany GmbH. All rights reserved.
License Information: Vedran Jakopovic, FER, LIC=8MZ45-G9JD8-HPUZN-YMCFR-PZ1PR-2MWXI
 
Tool Versions:
Toolchain:       MDK-ARM Professional  Version: 5.21a
Toolchain Path:  C:\Keil_v5\ARM\ARMCC\Bin
C Compiler:      Armcc.exe V5.06 update 3 (build 300)
Assembler:       Armasm.exe V5.06 update 3 (build 300)
Linker/Locator:  ArmLink.exe V5.06 update 3 (build 300)
Library Manager: ArmAr.exe V5.06 update 3 (build 300)
Hex Converter:   FromElf.exe V5.06 update 3 (build 300)
CPU DLL:         SARMCM3.DLL V5.21a
Dialog DLL:      DCM.DLL V1.13.8.0
Target DLL:      STLink\ST-LINKIII-KEIL_SWO.dll V2.0.18.0
Dialog DLL:      TCM.DLL V1.14.14.0
 
<h2>Project:</h2>
C:\Users\jakop\Documents\FER\Semestar 6\Završni rad\Finalna verzija Cifrek\Kod\FreeRTOS_Modbus\template.uvprojx
Project File Date:  06/08/2017

<h2>Output:</h2>
*** Using Compiler 'V5.06 update 3 (build 300)', folder: 'C:\Keil_v5\ARM\ARMCC\Bin'
Rebuild target 'Target 1'
assembling startup_stm32f411xe.s...
compiling stm32f4_discovery.c...
compiling system_stm32f4xx.c...
compiling stm32f10x_it.c...
compiling misc.c...
compiling stm32f4xx_adc.c...
compiling stm32f4xx_can.c...
compiling stm32f4xx_cec.c...
compiling stm32f4xx_crc.c...
compiling stm32f4xx_cryp.c...
compiling stm32f4xx_cryp_des.c...
compiling stm32f4xx_cryp_tdes.c...
compiling stm32f4xx_cryp_aes.c...
compiling stm32f4xx_dac.c...
compiling stm32f4xx_dbgmcu.c...
compiling stm32f4xx_dcmi.c...
compiling stm32f4xx_dfsdm.c...
compiling stm32f4xx_dma.c...
compiling stm32f4xx_dma2d.c...
compiling stm32f4xx_dsi.c...
compiling stm32f4xx_exti.c...
compiling stm32f4xx_flash.c...
compiling stm32f4xx_flash_ramfunc.c...
compiling stm32f4xx_fmpi2c.c...
compiling stm32f4xx_gpio.c...
compiling stm32f4xx_hash.c...
compiling stm32f4xx_hash_md5.c...
compiling stm32f4xx_hash_sha1.c...
compiling stm32f4xx_iwdg.c...
compiling stm32f4xx_i2c.c...
compiling stm32f4xx_lptim.c...
compiling stm32f4xx_ltdc.c...
compiling stm32f4xx_pwr.c...
compiling stm32f4xx_qspi.c...
compiling stm32f4xx_rng.c...
compiling stm32f4xx_rcc.c...
compiling stm32f4xx_rtc.c...
compiling stm32f4xx_sai.c...
compiling stm32f4xx_sdio.c...
compiling stm32f4xx_spdifrx.c...
compiling stm32f4xx_syscfg.c...
compiling stm32f4xx_spi.c...
compiling stm32f4xx_tim.c...
compiling stm32f4xx_wwdg.c...
compiling stm32f4xx_usart.c...
compiling main.c...
.\gpio.h(49): warning:  #1-D: last line of file ends without a newline
  #endif
.\main.h(16): warning:  #1-D: last line of file ends without a newline
  #endif
main.c(80): warning:  #177-D: variable "motor_dolje" was declared but never referenced
  	USHORT motor_dolje=0;
main.c(81): warning:  #177-D: variable "motor_gore" was declared but never referenced
  	USHORT motor_gore=0;
main.c(82): warning:  #177-D: variable "motor_stop" was declared but never referenced
  	USHORT motor_stop=0;
main.c(116): warning:  #550-D: variable "xStatus" was set but never used
  	portBASE_TYPE xStatus;
main.c(176): warning:  #188-D: enumerated type mixed with another type
  				GPIO_WriteBit(
OTOR_DOLJE_GPIOx, 
OTOR_DOLJE_PinNumber, 0);
main.c(177): warning:  #188-D: enumerated type mixed with another type
  				GPIO_WriteBit(
OTOR_GORE_GPIOx, 
OTOR_GORE_PinNumber, 0);
main.c(186): warning:  #188-D: enumerated type mixed with another type
  				GPIO_WriteBit(
OTOR_GORE_GPIOx, 
OTOR_GORE_PinNumber, 0);
main.c(187): warning:  #188-D: enumerated type mixed with another type
  				GPIO_WriteBit(
OTOR_DOLJE_GPIOx, 
OTOR_DOLJE_PinNumber, 1);
main.c(196): warning:  #188-D: enumerated type mixed with another type
  				GPIO_WriteBit(
OTOR_DOLJE_GPIOx, 
OTOR_DOLJE_PinNumber, 0);
main.c(197): warning:  #188-D: enumerated type mixed with another type
  				GPIO_WriteBit(
OTOR_GORE_GPIOx, 
OTOR_GORE_PinNumber, 1);
main.c(206): warning:  #188-D: enumerated type mixed with another type
  				GPIO_WriteBit(
OTOR_DOLJE_GPIOx, 
OTOR_DOLJE_PinNumber, 0);
main.c(207): warning:  #188-D: enumerated type mixed with another type
  				GPIO_WriteBit(
OTOR_GORE_GPIOx, 
OTOR_GORE_PinNumber, 0);
main.c(160): warning:  #177-D: variable "xStatus" was declared but never referenced
  	portBASE_TYPE xStatus;
main.c(223): warning:  #177-D: variable "eStatus" was declared but never referenced
  	eMBErrorCode    eStatus;
main.c: 16 warnings, 0 errors
compiling croutine.c...
compiling event_groups.c...
compiling gpio.c...
.\gpio.h(49): warning:  #1-D: last line of file ends without a newline
  #endif
gpio.c(74): warning:  #1-D: last line of file ends without a newline
  	
gpio.c: 2 warnings, 0 errors
compiling usart.c...
usart.c(75): warning:  #1-D: last line of file ends without a newline
  }
usart.c: 1 warning, 0 errors
compiling list.c...
compiling queue.c...
compiling timers.c...
compiling heap_1.c...
compiling tasks.c...
compiling port.c...
compiling mbcrc.c...
compiling mbrtu.c...
modbus\rtu\mbrtu.c(153): warning:  #550-D: variable "xFrameReceived" was set but never used
      BOOL            xFrameReceived = FALSE;
modbus\rtu\mbrtu.c: 1 warning, 0 errors
compiling mbfuncdiag.c...
compiling mbtcp.c...
compiling mbfunccoils.c...
compiling mbfuncdisc.c...
compiling mbfuncholding.c...
compiling mbfuncinput.c...
compiling mbfuncother.c...
compiling mbutils.c...
compiling mbascii.c...
compiling mb.c...
compiling portevent.c...
compiling portserial.c...
compiling porttimer.c...
linking...
Program Size: Code=15694 RO-data=954 RW-data=368 ZI-data=79216  
".\Objects\template.axf" - 0 Error(s), 20 Warning(s).

<h2>Software Packages used:</h2>

Package Vendor: ARM
                http://www.keil.com/pack/ARM.CMSIS.4.5.0.pack
                ARM::CMSIS:CORE:4.3.0
                CMSIS (Cortex Microcontroller Software Interface Standard)
   * Component: CORE Version: 4.3.0

<h2>Collection of Component include folders:</h2>
  C:\Users\jakop\Documents\FER\Semestar 6\Završni rad\Finalna verzija Cifrek\Kod\FreeRTOS_Modbus\RTE
  C:\Keil_v5\ARM\PACK\ARM\CMSIS\4.5.0\CMSIS\Include
  C:\Keil_v5\ARM\PACK\Keil\STM32F4xx_DFP\2.10.0\Drivers\CMSIS\Device\ST\STM32F4xx\Include

<h2>Collection of Component Files used:</h2>

   * Component: ARM::CMSIS:CORE:4.3.0
Build Time Elapsed:  00:00:19
</pre>
</body>
</html>
