Component: ARM Compiler 5.06 update 3 (build 300) Tool: armlink [4d35c9]

==============================================================================

Section Cross References

    startup_stm32f411xe.o(STACK) refers (Special) to heapauxi.o(.text) for __use_two_region_memory
    startup_stm32f411xe.o(HEAP) refers (Special) to heapauxi.o(.text) for __use_two_region_memory
    startup_stm32f411xe.o(RESET) refers (Special) to heapauxi.o(.text) for __use_two_region_memory
    startup_stm32f411xe.o(RESET) refers to startup_stm32f411xe.o(STACK) for __initial_sp
    startup_stm32f411xe.o(RESET) refers to startup_stm32f411xe.o(.text) for Reset_Handler
    startup_stm32f411xe.o(RESET) refers to stm32f10x_it.o(i.NMI_Handler) for NMI_Handler
    startup_stm32f411xe.o(RESET) refers to stm32f10x_it.o(i.HardFault_Handler) for HardFault_Handler
    startup_stm32f411xe.o(RESET) refers to stm32f10x_it.o(i.MemManage_Handler) for MemManage_Handler
    startup_stm32f411xe.o(RESET) refers to stm32f10x_it.o(i.BusFault_Handler) for BusFault_Handler
    startup_stm32f411xe.o(RESET) refers to stm32f10x_it.o(i.UsageFault_Handler) for UsageFault_Handler
    startup_stm32f411xe.o(RESET) refers to port.o(.emb_text) for SVC_Handler
    startup_stm32f411xe.o(RESET) refers to stm32f10x_it.o(i.DebugMon_Handler) for DebugMon_Handler
    startup_stm32f411xe.o(RESET) refers to port.o(i.SysTick_Handler) for SysTick_Handler
    startup_stm32f411xe.o(RESET) refers to stm32f10x_it.o(i.TIM2_IRQHandler) for TIM2_IRQHandler
    startup_stm32f411xe.o(RESET) refers to stm32f10x_it.o(i.USART1_IRQHandler) for USART1_IRQHandler
    startup_stm32f411xe.o(.text) refers (Special) to heapauxi.o(.text) for __use_two_region_memory
    startup_stm32f411xe.o(.text) refers to system_stm32f4xx.o(i.SystemInit) for SystemInit
    startup_stm32f411xe.o(.text) refers to __main.o(!!!main) for __main
    startup_stm32f411xe.o(.text) refers to startup_stm32f411xe.o(HEAP) for Heap_Mem
    startup_stm32f411xe.o(.text) refers to startup_stm32f411xe.o(STACK) for Stack_Mem
    system_stm32f4xx.o(i.SystemCoreClockUpdate) refers to system_stm32f4xx.o(.data) for SystemCoreClock
    system_stm32f4xx.o(i.SystemInit) refers to system_stm32f4xx.o(i.SetSysClock) for SetSysClock
    stm32f4_discovery.o(i.STM_EVAL_LEDInit) refers to stm32f4xx_rcc.o(i.RCC_AHB1PeriphClockCmd) for RCC_AHB1PeriphClockCmd
    stm32f4_discovery.o(i.STM_EVAL_LEDInit) refers to stm32f4xx_gpio.o(i.GPIO_Init) for GPIO_Init
    stm32f4_discovery.o(i.STM_EVAL_LEDInit) refers to stm32f4_discovery.o(.constdata) for GPIO_CLK
    stm32f4_discovery.o(i.STM_EVAL_LEDInit) refers to stm32f4_discovery.o(.data) for GPIO_PORT
    stm32f4_discovery.o(i.STM_EVAL_LEDOff) refers to stm32f4_discovery.o(.constdata) for GPIO_PIN
    stm32f4_discovery.o(i.STM_EVAL_LEDOff) refers to stm32f4_discovery.o(.data) for GPIO_PORT
    stm32f4_discovery.o(i.STM_EVAL_LEDOn) refers to stm32f4_discovery.o(.constdata) for GPIO_PIN
    stm32f4_discovery.o(i.STM_EVAL_LEDOn) refers to stm32f4_discovery.o(.data) for GPIO_PORT
    stm32f4_discovery.o(i.STM_EVAL_LEDToggle) refers to stm32f4_discovery.o(.data) for GPIO_PORT
    stm32f4_discovery.o(i.STM_EVAL_LEDToggle) refers to stm32f4_discovery.o(.constdata) for GPIO_PIN
    stm32f4_discovery.o(i.STM_EVAL_PBGetState) refers to stm32f4xx_gpio.o(i.GPIO_ReadInputDataBit) for GPIO_ReadInputDataBit
    stm32f4_discovery.o(i.STM_EVAL_PBGetState) refers to stm32f4_discovery.o(.constdata) for BUTTON_PIN
    stm32f4_discovery.o(i.STM_EVAL_PBGetState) refers to stm32f4_discovery.o(.data) for BUTTON_PORT
    stm32f4_discovery.o(i.STM_EVAL_PBInit) refers to stm32f4xx_rcc.o(i.RCC_AHB1PeriphClockCmd) for RCC_AHB1PeriphClockCmd
    stm32f4_discovery.o(i.STM_EVAL_PBInit) refers to stm32f4xx_rcc.o(i.RCC_APB2PeriphClockCmd) for RCC_APB2PeriphClockCmd
    stm32f4_discovery.o(i.STM_EVAL_PBInit) refers to stm32f4xx_gpio.o(i.GPIO_Init) for GPIO_Init
    stm32f4_discovery.o(i.STM_EVAL_PBInit) refers to stm32f4xx_syscfg.o(i.SYSCFG_EXTILineConfig) for SYSCFG_EXTILineConfig
    stm32f4_discovery.o(i.STM_EVAL_PBInit) refers to stm32f4xx_exti.o(i.EXTI_Init) for EXTI_Init
    stm32f4_discovery.o(i.STM_EVAL_PBInit) refers to misc.o(i.NVIC_Init) for NVIC_Init
    stm32f4_discovery.o(i.STM_EVAL_PBInit) refers to stm32f4_discovery.o(.constdata) for BUTTON_CLK
    stm32f4_discovery.o(i.STM_EVAL_PBInit) refers to stm32f4_discovery.o(.data) for BUTTON_PORT
    stm32f10x_it.o(i.TIM2_IRQHandler) refers to porttimer.o(i.prvvTIMERExpiredISR) for prvvTIMERExpiredISR
    stm32f10x_it.o(i.USART1_IRQHandler) refers to portserial.o(i.UART1_IRQ) for UART1_IRQ
    stm32f4xx_adc.o(i.ADC_DeInit) refers to stm32f4xx_rcc.o(i.RCC_APB2PeriphResetCmd) for RCC_APB2PeriphResetCmd
    stm32f4xx_can.o(i.CAN_DeInit) refers to stm32f4xx_rcc.o(i.RCC_APB1PeriphResetCmd) for RCC_APB1PeriphResetCmd
    stm32f4xx_can.o(i.CAN_GetITStatus) refers to stm32f4xx_can.o(i.CheckITStatus) for CheckITStatus
[...]
    .text                                    0x080003fa   Section       16  aeabi_memset.o(.text)
    .text                                    0x0800040a   Section        0  heapauxi.o(.text)
    .text                                    0x08000410   Section      100  rt_memcpy_w.o(.text)
    .text                                    0x08000474   Section       68  rt_memclr.o(.text)
    .text                                    0x080004b8   Section       78  rt_memclr_w.o(.text)
    .text                                    0x08000506   Section       74  sys_stackheap_outer.o(.text)
    .text                                    0x08000550   Section        0  exit.o(.text)
    .text                                    0x08000564   Section        8  libspace.o(.text)
    .text                                    0x0800056c   Section        0  sys_exit.o(.text)
    .text                                    0x08000578   Section        2  use_no_semi.o(.text)
    .text                                    0x0800057a   Section        0  indicate_semi.o(.text)
    i.BusFault_Handler                       0x0800057a   Section        0  stm32f10x_it.o(i.BusFault_Handler)
    i.DebugMon_Handler                       0x0800057e   Section        0  stm32f10x_it.o(i.DebugMon_Handler)
    i.EnterCriticalSection                   0x08000580   Section        0  portserial.o(i.EnterCriticalSection)
    i.ExitCriticalSection                    0x08000584   Section        0  portserial.o(i.ExitCriticalSection)
    i.GPIO_Init                              0x08000588   Section        0  stm32f4xx_gpio.o(i.GPIO_Init)
    i.GPIO_PinAFConfig                       0x08000618   Section        0  stm32f4xx_gpio.o(i.GPIO_PinAFConfig)
    i.GPIO_ReadInputDataBit                  0x0800065e   Section        0  stm32f4xx_gpio.o(i.GPIO_ReadInputDataBit)
    i.GPIO_WriteBit                          0x08000670   Section        0  stm32f4xx_gpio.o(i.GPIO_WriteBit)
    i.HardFault_Handler                      0x0800067a   Section        0  stm32f10x_it.o(i.HardFault_Handler)
    i.MemManage_Handler                      0x0800067e   Section        0  stm32f10x_it.o(i.MemManage_Handler)
    i.NMI_Handler                            0x08000682   Section        0  stm32f10x_it.o(i.NMI_Handler)
    i.NVIC_Configuration                     0x08000684   Section        0  main.o(i.NVIC_Configuration)
    i.NVIC_Init                              0x080006c0   Section        0  misc.o(i.NVIC_Init)
    i.RCC_AHB1PeriphClockCmd                 0x08000738   Section        0  stm32f4xx_rcc.o(i.RCC_AHB1PeriphClockCmd)
    i.RCC_APB1PeriphClockCmd                 0x08000758   Section        0  stm32f4xx_rcc.o(i.RCC_APB1PeriphClockCmd)
    i.RCC_APB2PeriphClockCmd                 0x08000778   Section        0  stm32f4xx_rcc.o(i.RCC_APB2PeriphClockCmd)
    i.RCC_GetClocksFreq                      0x08000798   Section        0  stm32f4xx_rcc.o(i.RCC_GetClocksFreq)
    i.SetSysClock                            0x08000880   Section        0  system_stm32f4xx.o(i.SetSysClock)
    SetSysClock                              0x08000881   Thumb Code   138  system_stm32f4xx.o(i.SetSysClock)
    i.SetupHardware                          0x0800091c   Section        0  main.o(i.SetupHardware)
    SetupHardware                            0x0800091d   Thumb Code    50  main.o(i.SetupHardware)
    i.SysTick_Handler                        0x08000958   Section        0  port.o(i.SysTick_Handler)
    i.SystemInit                             0x0800098c   Section        0  system_stm32f4xx.o(i.SystemInit)
    i.TIM2_IRQHandler                        0x080009f4   Section        0  stm32f10x_it.o(i.TIM2_IRQHandler)
    i.TIM_ClearFlag                          0x080009fc   Section        0  stm32f4xx_tim.o(i.TIM_ClearFlag)
    i.TIM_Cmd                                0x08000a02   Section        0  stm32f4xx_tim.o(i.TIM_Cmd)
    i.TIM_ITConfig                           0x08000a1a   Section        0  stm32f4xx_tim.o(i.TIM_ITConfig)
    i.TIM_SetCounter                         0x08000a2c   Section        0  stm32f4xx_tim.o(i.TIM_SetCounter)
    i.TIM_TimeBaseInit                       0x08000a30   Section        0  stm32f4xx_tim.o(i.TIM_TimeBaseInit)
    i.UART1_IRQ                              0x08000ab4   Section        0  portserial.o(i.UART1_IRQ)
    i.USART1_IRQHandler                      0x08000aec   Section        0  stm32f10x_it.o(i.USART1_IRQHandler)
    i.USART2_Init                            0x08000af4   Section        0  usart.o(i.USART2_Init)
    i.USART_ClearITPendingBit                0x08000b9c   Section        0  stm32f4xx_usart.o(i.USART_ClearITPendingBit)
    i.USART_Cmd                              0x08000bba   Section        0  stm32f4xx_usart.o(i.USART_Cmd)
    i.USART_GetITStatus                      0x08000bd2   Section        0  stm32f4xx_usart.o(i.USART_GetITStatus)
    i.USART_ITConfig                         0x08000c26   Section        0  stm32f4xx_usart.o(i.USART_ITConfig)
    i.USART_Init                             0x08000c70   Section        0  stm32f4xx_usart.o(i.USART_Init)
    i.USART_ReceiveData                      0x08000d44   Section        0  stm32f4xx_usart.o(i.USART_ReceiveData)
    i.USART_SendData                         0x08000d4e   Section        0  stm32f4xx_usart.o(i.USART_SendData)
    i.UsageFault_Handler                     0x08000d56   Section        0  stm32f10x_it.o(i.UsageFault_Handler)
    i.eMBASCIIInit                           0x08000d5c   Section        0  mbascii.o(i.eMBASCIIInit)
    i.eMBASCIIReceive                        0x08000da4   Section        0  mbascii.o(i.eMBASCIIReceive)
    i.eMBASCIISend                           0x08000df8   Section        0  mbascii.o(i.eMBASCIISend)
    i.eMBASCIIStart                          0x08000e7c   Section        0  mbascii.o(i.eMBASCIIStart)
    i.eMBASCIIStop                           0x08000ea0   Section        0  mbascii.o(i.eMBASCIIStop)
    i.eMBEnable                              0x08000eb8   Section        0  mb.o(i.eMBEnable)
    i.eMBFuncReadCoils                       0x08000ee0   Section        0  mbfunccoils.o(i.eMBFuncReadCoils)
    i.eMBFuncReadDiscreteInputs              0x08000f8e   Section        0  mbfuncdisc.o(i.eMBFuncReadDiscreteInputs)
    i.eMBFuncReadHoldingRegister             0x0800103a   Section        0  mbfuncholding.o(i.eMBFuncReadHoldingRegister)
    i.eMBFuncReadInputRegister               0x080010c6   Section        0  mbfuncinput.o(i.eMBFuncReadInputRegister)
    i.eMBFuncReadWriteMultipleHoldingRegister 0x08001152   Section        0  mbfuncholding.o(i.eMBFuncReadWriteMultipleHoldingRegister)
    i.eMBFuncReportSlaveID                   0x08001228   Section        0  mbfuncother.o(i.eMBFuncReportSlaveID)
    i.eMBFuncWriteCoil                       0x08001250   Section        0  mbfunccoils.o(i.eMBFuncWriteCoil)
    i.eMBFuncWriteHoldingRegister            0x080012c0   Section        0  mbfuncholding.o(i.eMBFuncWriteHoldingRegister)
    i.eMBFuncWriteMultipleCoils              0x08001302   Section        0  mbfunccoils.o(i.eMBFuncWriteMultipleCoils)
    i.eMBFuncWriteMultipleHoldingRegister    0x08001392   Section        0  mbfuncholding.o(i.eMBFuncWriteMultipleHoldingRegister)
    i.eMBInit                                0x08001400   Section        0  mb.o(i.eMBInit)
    i.eMBPoll                                0x08001544   Section        0  mb.o(i.eMBPoll)
    i.eMBRTUInit                             0x0800167c   Section        0  mbrtu.o(i.eMBRTUInit)
    i.eMBRTUReceive                          0x080016d4   Section        0  mbrtu.o(i.eMBRTUReceive)
    i.eMBRTUSend                             0x0800172c   Section        0  mbrtu.o(i.eMBRTUSend)
    i.eMBRTUStart                            0x080017bc   Section        0  mbrtu.o(i.eMBRTUStart)
    i.eMBRTUStop                             0x080017e0   Section        0  mbrtu.o(i.eMBRTUStop)
    i.eMBRegCoilsCB                          0x080017f8   Section        0  main.o(i.eMBRegCoilsCB)
    i.eMBRegDiscreteCB                       0x08001800   Section        0  main.o(i.eMBRegDiscreteCB)
    i.eMBRegHoldingCB                        0x08001808   Section        0  main.o(i.eMBRegHoldingCB)
    i.eMBRegInputCB                          0x0800188c   Section        0  main.o(i.eMBRegInputCB)
    i.gpio_init                              0x080018d8   Section        0  gpio.o(i.gpio_init)
    i.gpio_led_state                         0x080019d4   Section        0  gpio.o(i.gpio_led_state)
    i.main                                   0x08001a38   Section        0  main.o(i.main)
    i.prvAddCurrentTaskToDelayedList         0x08001ae8   Section        0  tasks.o(i.prvAddCurrentTaskToDelayedList)
    prvAddCurrentTaskToDelayedList           0x08001ae9   Thumb Code   124  tasks.o(i.prvAddCurrentTaskToDelayedList)
    i.prvAddNewTaskToReadyList               0x08001b80   Section        0  tasks.o(i.prvAddNewTaskToReadyList)
    prvAddNewTaskToReadyList                 0x08001b81   Thumb Code   156  tasks.o(i.prvAddNewTaskToReadyList)
    i.prvCheckForValidListAndQueue           0x08001c38   Section        0  timers.o(i.prvCheckForValidListAndQueue)
    prvCheckForValidListAndQueue             0x08001c39   Thumb Code    72  timers.o(i.prvCheckForValidListAndQueue)
    i.prvCheckTasksWaitingTermination        0x08001c9c   Section        0  tasks.o(i.prvCheckTasksWaitingTermination)
    prvCheckTasksWaitingTermination          0x08001c9d   Thumb Code    86  tasks.o(i.prvCheckTasksWaitingTermination)
    i.prvCopyDataFromQueue                   0x08001d00   Section        0  queue.o(i.prvCopyDataFromQueue)
    prvCopyDataFromQueue                     0x08001d01   Thumb Code    42  queue.o(i.prvCopyDataFromQueue)
    i.prvCopyDataToQueue                     0x08001d2a   Section        0  queue.o(i.prvCopyDataToQueue)
    prvCopyDataToQueue                       0x08001d2b   Thumb Code   124  queue.o(i.prvCopyDataToQueue)
    i.prvDeleteTCB                           0x08001da6   Section        0  tasks.o(i.prvDeleteTCB)
    prvDeleteTCB                             0x08001da7   Thumb Code    18  tasks.o(i.prvDeleteTCB)
    i.prvGetNextExpireTime                   0x08001db8   Section        0  timers.o(i.prvGetNextExpireTime)
    prvGetNextExpireTime                     0x08001db9   Thumb Code    36  timers.o(i.prvGetNextExpireTime)
    i.prvIdleTask                            0x08001de0   Section        0  tasks.o(i.prvIdleTask)
    prvIdleTask                              0x08001de1   Thumb Code    36  tasks.o(i.prvIdleTask)
    i.prvInitialiseNewQueue                  0x08001e0c   Section        0  queue.o(i.prvInitialiseNewQueue)
    prvInitialiseNewQueue                    0x08001e0d   Thumb Code    42  queue.o(i.prvInitialiseNewQueue)
    i.prvInitialiseNewTask                   0x08001e36   Section        0  tasks.o(i.prvInitialiseNewTask)
    prvInitialiseNewTask                     0x08001e37   Thumb Code   180  tasks.o(i.prvInitialiseNewTask)
    i.prvInitialiseTaskLists                 0x08001eec   Section        0  tasks.o(i.prvInitialiseTaskLists)
    prvInitialiseTaskLists                   0x08001eed   Thumb Code    70  tasks.o(i.prvInitialiseTaskLists)
    i.prvInsertTimerInActiveList             0x08001f54   Section        0  timers.o(i.prvInsertTimerInActiveList)
    prvInsertTimerInActiveList               0x08001f55   Thumb Code    80  timers.o(i.prvInsertTimerInActiveList)
    i.prvIsQueueEmpty                        0x08001fac   Section        0  queue.o(i.prvIsQueueEmpty)
    prvIsQueueEmpty                          0x08001fad   Thumb Code    26  queue.o(i.prvIsQueueEmpty)
    i.prvIsQueueFull                         0x08001fc6   Section        0  queue.o(i.prvIsQueueFull)
    prvIsQueueFull                           0x08001fc7   Thumb Code    30  queue.o(i.prvIsQueueFull)
    i.prvProcessExpiredTimer                 0x08001fe4   Section        0  timers.o(i.prvProcessExpiredTimer)
    prvProcessExpiredTimer                   0x08001fe5   Thumb Code    94  timers.o(i.prvProcessExpiredTimer)
    i.prvProcessReceivedCommands             0x08002048   Section        0  timers.o(i.prvProcessReceivedCommands)
    prvProcessReceivedCommands               0x08002049   Thumb Code   242  timers.o(i.prvProcessReceivedCommands)
    i.prvProcessTimerOrBlockTask             0x08002140   Section        0  timers.o(i.prvProcessTimerOrBlockTask)
    prvProcessTimerOrBlockTask               0x08002141   Thumb Code   102  timers.o(i.prvProcessTimerOrBlockTask)
    i.prvResetNextTaskUnblockTime            0x080021b4   Section        0  tasks.o(i.prvResetNextTaskUnblockTime)
    prvResetNextTaskUnblockTime              0x080021b5   Thumb Code    42  tasks.o(i.prvResetNextTaskUnblockTime)
    i.prvSampleTimeNow                       0x080021e8   Section        0  timers.o(i.prvSampleTimeNow)
    prvSampleTimeNow                         0x080021e9   Thumb Code    40  timers.o(i.prvSampleTimeNow)
    i.prvSwitchTimerLists                    0x08002214   Section        0  timers.o(i.prvSwitchTimerLists)
    prvSwitchTimerLists                      0x08002215   Thumb Code   150  timers.o(i.prvSwitchTimerLists)
    i.prvTaskExitError                       0x080022b4   Section        0  port.o(i.prvTaskExitError)
    prvTaskExitError                         0x080022b5   Thumb Code    60  port.o(i.prvTaskExitError)
    i.prvTimerTask                           0x080022f4   Section        0  timers.o(i.prvTimerTask)
    prvTimerTask                             0x080022f5   Thumb Code    26  timers.o(i.prvTimerTask)
    i.prvUnlockQueue                         0x0800230e   Section        0  queue.o(i.prvUnlockQueue)
    prvUnlockQueue                           0x0800230f   Thumb Code   126  queue.o(i.prvUnlockQueue)
    i.prveMBError2Exception                  0x0800238c   Section        0  mbutils.o(i.prveMBError2Exception)
    i.prvucMBBIN2CHAR                        0x080023ae   Section        0  mbascii.o(i.prvucMBBIN2CHAR)
    prvucMBBIN2CHAR                          0x080023af   Thumb Code    34  mbascii.o(i.prvucMBBIN2CHAR)
    i.prvucMBCHAR2BIN                        0x080023d0   Section        0  mbascii.o(i.prvucMBCHAR2BIN)
    prvucMBCHAR2BIN                          0x080023d1   Thumb Code    38  mbascii.o(i.prvucMBCHAR2BIN)
    i.prvucMBLRC                             0x080023f6   Section        0  mbascii.o(i.prvucMBLRC)
    prvucMBLRC                               0x080023f7   Thumb Code    32  mbascii.o(i.prvucMBLRC)
    i.prvvTIMERExpiredISR                    0x08002418   Section        0  porttimer.o(i.prvvTIMERExpiredISR)
    i.pvPortMalloc                           0x08002428   Section        0  heap_1.o(i.pvPortMalloc)
    i.pvTaskIncrementMutexHeldCount          0x080024a0   Section        0  tasks.o(i.pvTaskIncrementMutexHeldCount)
    i.pxPortInitialiseStack                  0x080024c0   Section        0  port.o(i.pxPortInitialiseStack)
    i.usMBCRC16                              0x080024ec   Section        0  mbcrc.o(i.usMBCRC16)
    i.uxListRemove                           0x08002524   Section        0  list.o(i.uxListRemove)
    i.vApplicationIdleHook                   0x0800254c   Section        0  main.o(i.vApplicationIdleHook)
    i.vApplicationMallocFailedHook           0x08002564   Section        0  main.o(i.vApplicationMallocFailedHook)
    i.vApplicationTickHook                   0x0800257c   Section        0  main.o(i.vApplicationTickHook)
    i.vListInitialise                        0x08002594   Section        0  list.o(i.vListInitialise)
    i.vListInitialiseItem                    0x080025ae   Section        0  list.o(i.vListInitialiseItem)
    i.vListInsert                            0x080025b4   Section        0  list.o(i.vListInsert)
    i.vListInsertEnd                         0x080025e8   Section        0  list.o(i.vListInsertEnd)
    i.vMBPortSerialEnable                    0x08002600   Section        0  portserial.o(i.vMBPortSerialEnable)
    i.vMBPortTimersDisable                   0x0800264c   Section        0  porttimer.o(i.vMBPortTimersDisable)
    i.vMBPortTimersEnable                    0x08002664   Section        0  porttimer.o(i.vMBPortTimersEnable)
    i.vPortEnterCritical                     0x0800268c   Section        0  port.o(i.vPortEnterCritical)
    i.vPortExitCritical                      0x080026e0   Section        0  port.o(i.vPortExitCritical)
    i.vPortFree                              0x0800271c   Section        0  heap_1.o(i.vPortFree)
    i.vPortSetupTimerInterrupt               0x08002740   Section        0  port.o(i.vPortSetupTimerInterrupt)
    i.vPortValidateInterruptPriority         0x08002754   Section        0  port.o(i.vPortValidateInterruptPriority)
    i.vQueueAddToRegistry                    0x080027cc   Section        0  queue.o(i.vQueueAddToRegistry)
    i.vQueueWaitForMessageRestricted         0x080027f8   Section        0  queue.o(i.vQueueWaitForMessageRestricted)
    i.vTaskDelay                             0x08002844   Section        0  tasks.o(i.vTaskDelay)
    i.vTaskMissedYield                       0x080028a0   Section        0  tasks.o(i.vTaskMissedYield)
    i.vTaskPlaceOnEventList                  0x080028ac   Section        0  tasks.o(i.vTaskPlaceOnEventList)
    i.vTaskPlaceOnEventListRestricted        0x080028e4   Section        0  tasks.o(i.vTaskPlaceOnEventListRestricted)
    i.vTaskPriorityInherit                   0x08002924   Section        0  tasks.o(i.vTaskPriorityInherit)
    i.vTaskSetTimeOutState                   0x080029d4   Section        0  tasks.o(i.vTaskSetTimeOutState)
    i.vTaskStartScheduler                    0x08002a04   Section        0  tasks.o(i.vTaskStartScheduler)
    i.vTaskSuspendAll                        0x08002a98   Section        0  tasks.o(i.vTaskSuspendAll)
    i.vTaskSwitchContext                     0x08002aa8   Section        0  tasks.o(i.vTaskSwitchContext)
    i.vTask_Modbus                           0x08002b34   Section        0  main.o(i.vTask_Modbus)
    vTask_Modbus                             0x08002b35   Thumb Code   144  main.o(i.vTask_Modbus)
    i.vTask_citaj_tipku                      0x08002bcc   Section        0  main.o(i.vTask_citaj_tipku)
    i.vTask_motor                            0x08002c64   Section        0  main.o(i.vTask_motor)
    i.xMBASCIIReceiveFSM                     0x08002d78   Section        0  mbascii.o(i.xMBASCIIReceiveFSM)
    i.xMBASCIITimerT1SExpired                0x08002ea0   Section        0  mbascii.o(i.xMBASCIITimerT1SExpired)
    i.xMBASCIITransmitFSM                    0x08002ecc   Section        0  mbascii.o(i.xMBASCIITransmitFSM)
    i.xMBPortEventGet                        0x08002fbc   Section        0  portevent.o(i.xMBPortEventGet)
    i.xMBPortEventInit                       0x08002fe0   Section        0  portevent.o(i.xMBPortEventInit)
    i.xMBPortEventPost                       0x08002ff0   Section        0  portevent.o(i.xMBPortEventPost)
    i.xMBPortSerialGetByte                   0x08003008   Section        0  portserial.o(i.xMBPortSerialGetByte)
    i.xMBPortSerialInit                      0x08003028   Section        0  portserial.o(i.xMBPortSerialInit)
    i.xMBPortSerialPutByte                   0x0800310c   Section        0  portserial.o(i.xMBPortSerialPutByte)
    i.xMBPortTimersInit                      0x08003130   Section        0  porttimer.o(i.xMBPortTimersInit)
    i.xMBRTUReceiveFSM                       0x0800316c   Section        0  mbrtu.o(i.xMBRTUReceiveFSM)
    i.xMBRTUTimerT35Expired                  0x080031f4   Section        0  mbrtu.o(i.xMBRTUTimerT35Expired)
    i.xMBRTUTransmitFSM                      0x08003234   Section        0  mbrtu.o(i.xMBRTUTransmitFSM)
    i.xPortStartScheduler                    0x080032a0   Section        0  port.o(i.xPortStartScheduler)
    i.xQueueGenericCreate                    0x080033dc   Section        0  queue.o(i.xQueueGenericCreate)
    i.xQueueGenericReceive                   0x08003434   Section        0  queue.o(i.xQueueGenericReceive)
    i.xQueueGenericReset                     0x080035f8   Section        0  queue.o(i.xQueueGenericReset)
    i.xQueueGenericSend                      0x08003690   Section        0  queue.o(i.xQueueGenericSend)
    i.xQueueGenericSendFromISR               0x08003838   Section        0  queue.o(i.xQueueGenericSendFromISR)
    i.xTaskCheckForTimeOut                   0x08003930   Section        0  tasks.o(i.xTaskCheckForTimeOut)
    i.xTaskCreate                            0x080039bc   Section        0  tasks.o(i.xTaskCreate)
    i.xTaskGetSchedulerState                 0x08003a1c   Section        0  tasks.o(i.xTaskGetSchedulerState)
    i.xTaskGetTickCount                      0x08003a3c   Section        0  tasks.o(i.xTaskGetTickCount)
    i.xTaskIncrementTick                     0x08003a48   Section        0  tasks.o(i.xTaskIncrementTick)
    i.xTaskPriorityDisinherit                0x08003b9c   Section        0  tasks.o(i.xTaskPriorityDisinherit)
    i.xTaskRemoveFromEventList               0x08003c64   Section        0  tasks.o(i.xTaskRemoveFromEventList)
    i.xTaskResumeAll                         0x08003cfc   Section        0  tasks.o(i.xTaskResumeAll)
    i.xTimerCreateTimerTask                  0x08003e00   Section        0  timers.o(i.xTimerCreateTimerTask)
    i.xTimerGenericCommand                   0x08003e58   Section        0  timers.o(i.xTimerGenericCommand)
    x$fpl$fpinit                             0x08003edc   Section       10  fpinit.o(x$fpl$fpinit)
    $v0                                      0x08003edc   Number         0  fpinit.o(x$fpl$fpinit)
    .constdata                               0x08003ee6   Section      512  mbcrc.o(.constdata)
    aucCRCHi                                 0x08003ee6   Data         256  mbcrc.o(.constdata)
    aucCRCLo                                 0x08003fe6   Data         256  mbcrc.o(.constdata)
    .data                                    0x20000000   Section       16  stm32f4xx_rcc.o(.data)
    APBAHBPrescTable                         0x20000000   Data          16  stm32f4xx_rcc.o(.data)
    .data                                    0x20000010   Section       32  main.o(.data)
    usRegInputStart                          0x20000010   Data           2  main.o(.data)
    usRegHoldingStart                        0x20000012   Data           2  main.o(.data)
    .data                                    0x20000030   Section       60  tasks.o(.data)
    pxDelayedTaskList                        0x20000034   Data           4  tasks.o(.data)
    pxOverflowDelayedTaskList                0x20000038   Data           4  tasks.o(.data)
    uxDeletedTasksWaitingCleanUp             0x2000003c   Data           4  tasks.o(.data)
    uxCurrentNumberOfTasks                   0x20000040   Data           4  tasks.o(.data)
    xTickCount                               0x20000044   Data           4  tasks.o(.data)
    uxTopReadyPriority                       0x20000048   Data           4  tasks.o(.data)
    xSchedulerRunning                        0x2000004c   Data           4  tasks.o(.data)
    uxPendedTicks                            0x20000050   Data           4  tasks.o(.data)
    xYieldPending                            0x20000054   Data           4  tasks.o(.data)
    xNumOfOverflows                          0x20000058   Data           4  tasks.o(.data)
    uxTaskNumber                             0x2000005c   Data           4  tasks.o(.data)
    xNextTaskUnblockTime                     0x20000060   Data           4  tasks.o(.data)
    xIdleTaskHandle                          0x20000064   Data           4  tasks.o(.data)
    uxSchedulerSuspended                     0x20000068   Data           4  tasks.o(.data)
    .data                                    0x2000006c   Section       20  timers.o(.data)
    pxCurrentTimerList                       0x2000006c   Data           4  timers.o(.data)
    pxOverflowTimerList                      0x20000070   Data           4  timers.o(.data)
    xTimerQueue                              0x20000074   Data           4  timers.o(.data)
    xTimerTaskHandle                         0x20000078   Data           4  timers.o(.data)
    xLastTime                                0x2000007c   Data           4  timers.o(.data)
    .data                                    0x20000080   Section       12  port.o(.data)
    uxCriticalNesting                        0x20000080   Data           4  port.o(.data)
    ucMaxSysCallPriority                     0x20000084   Data           1  port.o(.data)
    ulMaxPRIGROUPValue                       0x20000088   Data           4  port.o(.data)
    .data                                    0x2000008c   Section        8  heap_1.o(.data)
    xNextFreeByte                            0x2000008c   Data           4  heap_1.o(.data)
    pucAlignedHeap                           0x20000090   Data           4  heap_1.o(.data)
    .data                                    0x20000094   Section       12  mbrtu.o(.data)
    eSndState                                0x20000094   Data           1  mbrtu.o(.data)
    eRcvState                                0x20000095   Data           1  mbrtu.o(.data)
    pucSndBufferCur                          0x20000098   Data           4  mbrtu.o(.data)
    usSndBufferCount                         0x2000009c   Data           2  mbrtu.o(.data)
    usRcvBufferPos                           0x2000009e   Data           2  mbrtu.o(.data)
    .data                                    0x200000a0   Section        2  mbfuncother.o(.data)
    usMBSlaveIDLen                           0x200000a0   Data           2  mbfuncother.o(.data)
    .data                                    0x200000a4   Section       20  mbascii.o(.data)
    eSndState                                0x200000a4   Data           1  mbascii.o(.data)
    eRcvState                                0x200000a5   Data           1  mbascii.o(.data)
    ucASCIIBuf                               0x200000a8   Data           4  mbascii.o(.data)
    usRcvBufferPos                           0x200000ac   Data           2  mbascii.o(.data)
    eBytePos                                 0x200000ae   Data           1  mbascii.o(.data)
    pucSndBufferCur                          0x200000b0   Data           4  mbascii.o(.data)
    usSndBufferCount                         0x200000b4   Data           2  mbascii.o(.data)
    ucLRC                                    0x200000b6   Data           1  mbascii.o(.data)
    ucMBLFCharacter                          0x200000b7   Data           1  mbascii.o(.data)
    .data                                    0x200000b8   Section      181  mb.o(.data)
    ucMBAddress                              0x200000b8   Data           1  mb.o(.data)
    eMBCurrentMode                           0x200000b9   Data           1  mb.o(.data)
    eMBState                                 0x200000ba   Data           1  mb.o(.data)
    peMBFrameSendCur                         0x200000bc   Data           4  mb.o(.data)
    pvMBFrameStartCur                        0x200000c0   Data           4  mb.o(.data)
    pvMBFrameStopCur                         0x200000c4   Data           4  mb.o(.data)
    peMBFrameReceiveCur                      0x200000c8   Data           4  mb.o(.data)
    pvMBFrameCloseCur                        0x200000cc   Data           4  mb.o(.data)
    xFuncHandlers                            0x200000e4   Data         128  mb.o(.data)
    ucMBFrame                                0x20000164   Data           4  mb.o(.data)
    ucRcvAddress                             0x20000168   Data           1  mb.o(.data)
    ucFunctionCode                           0x20000169   Data           1  mb.o(.data)
    usLength                                 0x2000016a   Data           2  mb.o(.data)
    eException                               0x2000016c   Data           1  mb.o(.data)
    .data                                    0x2000016d   Section        2  portevent.o(.data)
    eQueuedEvent                             0x2000016d   Data           1  portevent.o(.data)
    xEventInQueue                            0x2000016e   Data           1  portevent.o(.data)
    .bss                                     0x20000170   Section      192  main.o(.bss)
    usRegInputBuf                            0x20000170   Data         128  main.o(.bss)
    usRegHoldingBuf                          0x200001f0   Data          64  main.o(.bss)
    .bss                                     0x20000230   Section       64  queue.o(.bss)
    .bss                                     0x20000270   Section      200  tasks.o(.bss)
    pxReadyTasksLists                        0x20000270   Data         100  tasks.o(.bss)
    xDelayedTaskList1                        0x200002d4   Data          20  tasks.o(.bss)
    xDelayedTaskList2                        0x200002e8   Data          20  tasks.o(.bss)
    xPendingReadyList                        0x200002fc   Data          20  tasks.o(.bss)
    xTasksWaitingTermination                 0x20000310   Data          20  tasks.o(.bss)
    xSuspendedTaskList                       0x20000324   Data          20  tasks.o(.bss)
    .bss                                     0x20000338   Section       40  timers.o(.bss)
    xActiveTimerList1                        0x20000338   Data          20  timers.o(.bss)
    xActiveTimerList2                        0x2000034c   Data          20  timers.o(.bss)
    .bss                                     0x20000360   Section    76800  heap_1.o(.bss)
    ucHeap                                   0x20000360   Data       76800  heap_1.o(.bss)
    .bss                                     0x20012f60   Section      256  mbrtu.o(.bss)
    .bss                                     0x20013060   Section       32  mbfuncother.o(.bss)
    ucMBSlaveID                              0x20013060   Data          32  mbfuncother.o(.bss)
    .bss                                     0x20013080   Section       96  libspace.o(.bss)
    HEAP                                     0x200130e0   Section      512  startup_stm32f411xe.o(HEAP)
    Heap_Mem                                 0x200130e0   Data         512  startup_stm32f411xe.o(HEAP)
    STACK                                    0x200132e0   Section     1024  startup_stm32f411xe.o(STACK)
    Stack_Mem                                0x200132e0   Data        1024  startup_stm32f411xe.o(STACK)
    __initial_sp                             0x200136e0   Data           0  startup_stm32f411xe.o(STACK)

    Global Symbols

    Symbol Name                              Value     Ov Type        Size  Object(Section)

    BuildAttributes$$THM_ISAv4$E$P$D$K$B$S$7EM$VFPi3$EXTD16$VFPS$VFMA$PE$A:L22UL41UL21$X:L11$S22US41US21$IEEE1$IW$USESV6$~STKCKD$USESV7$~SHL$OSPACE$ROPI$EBA8$UX$STANDARDLIB$REQ8$PRES8$EABIv2 0x00000000   Number         0  anon$$obj.o ABSOLUTE
    __ARM_use_no_argv                        0x00000000   Number         0  main.o ABSOLUTE
    __ARM_exceptions_init                     - Undefined Weak Reference
    __alloca_initialize                       - Undefined Weak Reference
    __arm_preinit_                            - Undefined Weak Reference
    __cpp_initialize__aeabi_                  - Undefined Weak Reference
    __cxa_finalize                            - Undefined Weak Reference
    __rt_locale                               - Undefined Weak Reference
    __sigvec_lookup                           - Undefined Weak Reference
    _atexit_init                              - Undefined Weak Reference
    _call_atexit_fns                          - Undefined Weak Reference
    _clock_init                               - Undefined Weak Reference
    _fp_trap_init                             - Undefined Weak Reference
    _fp_trap_shutdown                         - Undefined Weak Reference
    _get_lc_collate                           - Undefined Weak Reference
    _get_lc_ctype                             - Undefined Weak Reference
    _get_lc_monetary                          - Undefined Weak Reference
    _get_lc_numeric                           - Undefined Weak Reference
    _get_lc_time                              - Undefined Weak Reference
    _getenv_init                              - Undefined Weak Reference
    _handle_redirection                       - Undefined Weak Reference
    _init_alloc                               - Undefined Weak Reference
    _init_user_alloc                          - Undefined Weak Reference
    _initio                                   - Undefined Weak Reference
    _rand_init                                - Undefined Weak Reference
    _signal_finish                            - Undefined Weak Reference
    _signal_init                              - Undefined Weak Reference
    _terminate_alloc                          - Undefined Weak Reference
    _terminate_user_alloc                     - Undefined Weak Reference
    _terminateio                              - Undefined Weak Reference
    __Vectors_Size                           0x00000198   Number         0  startup_stm32f411xe.o ABSOLUTE
    __Vectors                                0x08000000   Data           4  startup_stm32f411xe.o(RESET)
    __Vectors_End                            0x08000198   Data           0  startup_stm32f411xe.o(RESET)
    __main                                   0x08000199   Thumb Code     8  __main.o(!!!main)
    __scatterload                            0x080001a1   Thumb Code     0  __scatter.o(!!!scatter)
    __scatterload_rt2                        0x080001a1   Thumb Code    44  __scatter.o(!!!scatter)
    __scatterload_rt2_thumb_only             0x080001a1   Thumb Code     0  __scatter.o(!!!scatter)
    __scatterload_null                       0x080001af   Thumb Code     0  __scatter.o(!!!scatter)
    __decompress                             0x080001d5   Thumb Code    90  __dczerorl2.o(!!dczerorl2)
    __decompress1                            0x080001d5   Thumb Code     0  __dczerorl2.o(!!dczerorl2)
    __scatterload_zeroinit                   0x08000231   Thumb Code    28  __scatter_zi.o(!!handler_zi)
    __rt_lib_init                            0x0800024d   Thumb Code     0  libinit.o(.ARM.Collect$$libinit$$00000000)
    __rt_lib_init_fp_1                       0x0800024f   Thumb Code     0  libinit2.o(.ARM.Collect$$libinit$$00000001)
    __rt_lib_init_alloca_1                   0x08000253   Thumb Code     0  libinit2.o(.ARM.Collect$$libinit$$0000002E)
    __rt_lib_init_argv_1                     0x08000253   Thumb Code     0  libinit2.o(.ARM.Collect$$libinit$$0000002C)
    __rt_lib_init_atexit_1                   0x08000253   Thumb Code     0  libinit2.o(.ARM.Collect$$libinit$$0000001B)
    __rt_lib_init_clock_1                    0x08000253   Thumb Code     0  libinit2.o(.ARM.Collect$$libinit$$00000021)
    __rt_lib_init_cpp_1                      0x08000253   Thumb Code     0  libinit2.o(.ARM.Collect$$libinit$$00000032)
    __rt_lib_init_exceptions_1               0x08000253   Thumb Code     0  libinit2.o(.ARM.Collect$$libinit$$00000030)
    __rt_lib_init_fp_trap_1                  0x08000253   Thumb Code     0  libinit2.o(.ARM.Collect$$libinit$$0000001F)
    __rt_lib_init_getenv_1                   0x08000253   Thumb Code     0  libinit2.o(.ARM.Collect$$libinit$$00000023)
    __rt_lib_init_heap_1                     0x08000253   Thumb Code     0  libinit2.o(.ARM.Collect$$libinit$$0000000A)
    __rt_lib_init_lc_collate_1               0x08000253   Thumb Code     0  libinit2.o(.ARM.Collect$$libinit$$00000011)
    __rt_lib_init_lc_ctype_1                 0x08000253   Thumb Code     0  libinit2.o(.ARM.Collect$$libinit$$00000013)
    __rt_lib_init_lc_monetary_1              0x08000253   Thumb Code     0  libinit2.o(.ARM.Collect$$libinit$$00000015)
    __rt_lib_init_lc_numeric_1               0x08000253   Thumb Code     0  libinit2.o(.ARM.Collect$$libinit$$00000017)
    __rt_lib_init_lc_time_1                  0x08000253   Thumb Code     0  libinit2.o(.ARM.Collect$$libinit$$00000019)
    __rt_lib_init_preinit_1                  0x08000253   Thumb Code     0  libinit2.o(.ARM.Collect$$libinit$$00000004)
    __rt_lib_init_rand_1                     0x08000253   Thumb Code     0  libinit2.o(.ARM.Collect$$libinit$$0000000E)
    __rt_lib_init_return                     0x08000253   Thumb Code     0  libinit2.o(.ARM.Collect$$libinit$$00000033)
    __rt_lib_init_signal_1                   0x08000253   Thumb Code     0  libinit2.o(.ARM.Collect$$libinit$$0000001D)
    __rt_lib_init_stdio_1                    0x08000253   Thumb Code     0  libinit2.o(.ARM.Collect$$libinit$$00000025)
    __rt_lib_init_user_alloc_1               0x08000253   Thumb Code     0  libinit2.o(.ARM.Collect$$libinit$$0000000C)
    __rt_lib_shutdown                        0x08000255   Thumb Code     0  libshutdown.o(.ARM.Collect$$libshutdown$$00000000)
    __rt_lib_shutdown_cpp_1                  0x08000257   Thumb Code     0  libshutdown2.o(.ARM.Collect$$libshutdown$$00000002)
    __rt_lib_shutdown_fp_trap_1              0x08000257   Thumb Code     0  libshutdown2.o(.ARM.Collect$$libshutdown$$00000007)
    __rt_lib_shutdown_heap_1                 0x08000257   Thumb Code     0  libshutdown2.o(.ARM.Collect$$libshutdown$$0000000F)
    __rt_lib_shutdown_return                 0x08000257   Thumb Code     0  libshutdown2.o(.ARM.Collect$$libshutdown$$00000010)
    __rt_lib_shutdown_signal_1               0x08000257   Thumb Code     0  libshutdown2.o(.ARM.Collect$$libshutdown$$0000000A)
    __rt_lib_shutdown_stdio_1                0x08000257   Thumb Code     0  libshutdown2.o(.ARM.Collect$$libshutdown$$00000004)
    __rt_lib_shutdown_user_alloc_1           0x08000257   Thumb Code     0  libshutdown2.o(.ARM.Collect$$libshutdown$$0000000C)
    __rt_entry                               0x08000259   Thumb Code     0  __rtentry.o(.ARM.Collect$$rtentry$$00000000)
    __rt_entry_presh_1                       0x08000259   Thumb Code     0  __rtentry2.o(.ARM.Collect$$rtentry$$00000002)
    __rt_entry_sh                            0x08000259   Thumb Code     0  __rtentry4.o(.ARM.Collect$$rtentry$$00000004)
    __rt_entry_li                            0x0800025f   Thumb Code     0  __rtentry2.o(.ARM.Collect$$rtentry$$0000000A)
    __rt_entry_postsh_1                      0x0800025f   Thumb Code     0  __rtentry2.o(.ARM.Collect$$rtentry$$00000009)
    __rt_entry_main                          0x08000263   Thumb Code     0  __rtentry2.o(.ARM.Collect$$rtentry$$0000000D)
    __rt_entry_postli_1                      0x08000263   Thumb Code     0  __rtentry2.o(.ARM.Collect$$rtentry$$0000000C)
    __rt_exit                                0x0800026b   Thumb Code     0  rtexit.o(.ARM.Collect$$rtexit$$00000000)
    __rt_exit_ls                             0x0800026d   Thumb Code     0  rtexit2.o(.ARM.Collect$$rtexit$$00000003)
    __rt_exit_prels_1                        0x0800026d   Thumb Code     0  rtexit2.o(.ARM.Collect$$rtexit$$00000002)
    __rt_exit_exit                           0x08000271   Thumb Code     0  rtexit2.o(.ARM.Collect$$rtexit$$00000004)
    SVC_Handler                              0x08000279   Thumb Code    28  port.o(.emb_text)
    __asm___6_port_c_39a90d8d__prvStartFirstTask 0x08000299   Thumb Code    28  port.o(.emb_text)
    __asm___6_port_c_39a90d8d__prvEnableVFP  0x080002b9   Thumb Code    16  port.o(.emb_text)
    PendSV_Handler                           0x080002cd   Thumb Code    88  port.o(.emb_text)
    vPortGetIPSR                             0x08000329   Thumb Code     6  port.o(.emb_text)
    Reset_Handler                            0x08000331   Thumb Code     8  startup_stm32f411xe.o(.text)
    ADC_IRQHandler                           0x0800034b   Thumb Code     0  startup_stm32f411xe.o(.text)
    DMA1_Stream0_IRQHandler                  0x0800034b   Thumb Code     0  startup_stm32f411xe.o(.text)
    DMA1_Stream1_IRQHandler                  0x0800034b   Thumb Code     0  startup_stm32f411xe.o(.text)
    DMA1_Stream2_IRQHandler                  0x0800034b   Thumb Code     0  startup_stm32f411xe.o(.text)
    DMA1_Stream3_IRQHandler                  0x0800034b   Thumb Code     0  startup_stm32f411xe.o(.text)
    DMA1_Stream4_IRQHandler                  0x0800034b   Thumb Code     0  startup_stm32f411xe.o(.text)
    DMA1_Stream5_IRQHandler                  0x0800034b   Thumb Code     0  startup_stm32f411xe.o(.text)
    DMA1_Stream6_IRQHandler                  0x0800034b   Thumb Code     0  startup_stm32f411xe.o(.text)
    DMA1_Stream7_IRQHandler                  0x0800034b   Thumb Code     0  startup_stm32f411xe.o(.text)
    DMA2_Stream0_IRQHandler                  0x0800034b   Thumb Code     0  startup_stm32f411xe.o(.text)
    DMA2_Stream1_IRQHandler                  0x0800034b   Thumb Code     0  startup_stm32f411xe.o(.text)
    DMA2_Stream2_IRQHandler                  0x0800034b   Thumb Code     0  startup_stm32f411xe.o(.text)
    DMA2_Stream3_IRQHandler                  0x0800034b   Thumb Code     0  startup_stm32f411xe.o(.text)
    DMA2_Stream4_IRQHandler                  0x0800034b   Thumb Code     0  startup_stm32f411xe.o(.text)
    DMA2_Stream5_IRQHandler                  0x0800034b   Thumb Code     0  startup_stm32f411xe.o(.text)
    DMA2_Stream6_IRQHandler                  0x0800034b   Thumb Code     0  startup_stm32f411xe.o(.text)
    DMA2_Stream7_IRQHandler                  0x0800034b   Thumb Code     0  startup_stm32f411xe.o(.text)
    EXTI0_IRQHandler                         0x0800034b   Thumb Code     0  startup_stm32f411xe.o(.text)
    EXTI15_10_IRQHandler                     0x0800034b   Thumb Code     0  startup_stm32f411xe.o(.text)
    EXTI1_IRQHandler                         0x0800034b   Thumb Code     0  startup_stm32f411xe.o(.text)
    EXTI2_IRQHandler                         0x0800034b   Thumb Code     0  startup_stm32f411xe.o(.text)
    EXTI3_IRQHandler                         0x0800034b   Thumb Code     0  startup_stm32f411xe.o(.text)
    EXTI4_IRQHandler                         0x0800034b   Thumb Code     0  startup_stm32f411xe.o(.text)
    EXTI9_5_IRQHandler                       0x0800034b   Thumb Code     0  startup_stm32f411xe.o(.text)
    FLASH_IRQHandler                         0x0800034b   Thumb Code     0  startup_stm32f411xe.o(.text)
    FPU_IRQHandler                           0x0800034b   Thumb Code     0  startup_stm32f411xe.o(.text)
    I2C1_ER_IRQHandler                       0x0800034b   Thumb Code     0  startup_stm32f411xe.o(.text)
    I2C1_EV_IRQHandler                       0x0800034b   Thumb Code     0  startup_stm32f411xe.o(.text)
    I2C2_ER_IRQHandler                       0x0800034b   Thumb Code     0  startup_stm32f411xe.o(.text)
    I2C2_EV_IRQHandler                       0x0800034b   Thumb Code     0  startup_stm32f411xe.o(.text)
    I2C3_ER_IRQHandler                       0x0800034b   Thumb Code     0  startup_stm32f411xe.o(.text)
    I2C3_EV_IRQHandler                       0x0800034b   Thumb Code     0  startup_stm32f411xe.o(.text)
    OTG_FS_IRQHandler                        0x0800034b   Thumb Code     0  startup_stm32f411xe.o(.text)
    OTG_FS_WKUP_IRQHandler                   0x0800034b   Thumb Code     0  startup_stm32f411xe.o(.text)
    PVD_IRQHandler                           0x0800034b   Thumb Code     0  startup_stm32f411xe.o(.text)
    RCC_IRQHandler                           0x0800034b   Thumb Code     0  startup_stm32f411xe.o(.text)
    RTC_Alarm_IRQHandler                     0x0800034b   Thumb Code     0  startup_stm32f411xe.o(.text)
    RTC_WKUP_IRQHandler                      0x0800034b   Thumb Code     0  startup_stm32f411xe.o(.text)
    SDIO_IRQHandler                          0x0800034b   Thumb Code     0  startup_stm32f411xe.o(.text)
    SPI1_IRQHandler                          0x0800034b   Thumb Code     0  startup_stm32f411xe.o(.text)
    SPI2_IRQHandler                          0x0800034b   Thumb Code     0  startup_stm32f411xe.o(.text)
    SPI3_IRQHandler                          0x0800034b   Thumb Code     0  startup_stm32f411xe.o(.text)
    SPI4_IRQHandler                          0x0800034b   Thumb Code     0  startup_stm32f411xe.o(.text)
    SPI5_IRQHandler                          0x0800034b   Thumb Code     0  startup_stm32f411xe.o(.text)
    TAMP_STAMP_IRQHandler                    0x0800034b   Thumb Code     0  startup_stm32f411xe.o(.text)
    TIM1_BRK_TIM9_IRQHandler                 0x0800034b   Thumb Code     0  startup_stm32f411xe.o(.text)
    TIM1_CC_IRQHandler                       0x0800034b   Thumb Code     0  startup_stm32f411xe.o(.text)
    TIM1_TRG_COM_TIM11_IRQHandler            0x0800034b   Thumb Code     0  startup_stm32f411xe.o(.text)
    TIM1_UP_TIM10_IRQHandler                 0x0800034b   Thumb Code     0  startup_stm32f411xe.o(.text)
    TIM3_IRQHandler                          0x0800034b   Thumb Code     0  startup_stm32f411xe.o(.text)
    TIM4_IRQHandler                          0x0800034b   Thumb Code     0  startup_stm32f411xe.o(.text)
    TIM5_IRQHandler                          0x0800034b   Thumb Code     0  startup_stm32f411xe.o(.text)
    USART2_IRQHandler                        0x0800034b   Thumb Code     0  startup_stm32f411xe.o(.text)
    USART6_IRQHandler                        0x0800034b   Thumb Code     0  startup_stm32f411xe.o(.text)
    WWDG_IRQHandler                          0x0800034b   Thumb Code     0  startup_stm32f411xe.o(.text)
    __user_initial_stackheap                 0x0800034d   Thumb Code     0  startup_stm32f411xe.o(.text)
    __aeabi_memcpy                           0x08000371   Thumb Code     0  rt_memcpy_v6.o(.text)
    __rt_memcpy                              0x08000371   Thumb Code   138  rt_memcpy_v6.o(.text)
    _memcpy_lastbytes                        0x080003d7   Thumb Code     0  rt_memcpy_v6.o(.text)
    __aeabi_memset                           0x080003fb   Thumb Code    16  aeabi_memset.o(.text)
    __use_two_region_memory                  0x0800040b   Thumb Code     2  heapauxi.o(.text)
    __rt_heap_escrow$2region                 0x0800040d   Thumb Code     2  heapauxi.o(.text)
    __rt_heap_expand$2region                 0x0800040f   Thumb Code     2  heapauxi.o(.text)
    __aeabi_memcpy4                          0x08000411   Thumb Code     0  rt_memcpy_w.o(.text)
    __aeabi_memcpy8                          0x08000411   Thumb Code     0  rt_memcpy_w.o(.text)
    __rt_memcpy_w                            0x08000411   Thumb Code   100  rt_memcpy_w.o(.text)
    _memcpy_lastbytes_aligned                0x08000459   Thumb Code     0  rt_memcpy_w.o(.text)
    __aeabi_memclr                           0x08000475   Thumb Code     0  rt_memclr.o(.text)
    __rt_memclr                              0x08000475   Thumb Code    68  rt_memclr.o(.text)
    _memset                                  0x08000479   Thumb Code     0  rt_memclr.o(.text)
    __aeabi_memclr4                          0x080004b9   Thumb Code     0  rt_memclr_w.o(.text)
    __aeabi_memclr8                          0x080004b9   Thumb Code     0  rt_memclr_w.o(.text)
    __rt_memclr_w                            0x080004b9   Thumb Code    78  rt_memclr_w.o(.text)
    _memset_w                                0x080004bd   Thumb Code     0  rt_memclr_w.o(.text)
    __user_setup_stackheap                   0x08000507   Thumb Code    74  sys_stackheap_outer.o(.text)
    exit                                     0x08000551   Thumb Code    18  exit.o(.text)
    __user_libspace                          0x08000565   Thumb Code     8  libspace.o(.text)
    __user_perproc_libspace                  0x08000565   Thumb Code     0  libspace.o(.text)
    __user_perthread_libspace                0x08000565   Thumb Code     0  libspace.o(.text)
    _sys_exit                                0x0800056d   Thumb Code     8  sys_exit.o(.text)
    __I$use$semihosting                      0x08000579   Thumb Code     0  use_no_semi.o(.text)
    __use_no_semihosting_swi                 0x08000579   Thumb Code     2  use_no_semi.o(.text)
    BusFault_Handler                         0x0800057b   Thumb Code     4  stm32f10x_it.o(i.BusFault_Handler)
    __semihosting_library_function           0x0800057b   Thumb Code     0  indicate_semi.o(.text)
    DebugMon_Handler                         0x0800057f   Thumb Code     2  stm32f10x_it.o(i.DebugMon_Handler)
    EnterCriticalSection                     0x08000581   Thumb Code     4  portserial.o(i.EnterCriticalSection)
    ExitCriticalSection                      0x08000585   Thumb Code     4  portserial.o(i.ExitCriticalSection)
    GPIO_Init                                0x08000589   Thumb Code   144  stm32f4xx_gpio.o(i.GPIO_Init)
    GPIO_PinAFConfig                         0x08000619   Thumb Code    70  stm32f4xx_gpio.o(i.GPIO_PinAFConfig)
    GPIO_ReadInputDataBit                    0x0800065f   Thumb Code    18  stm32f4xx_gpio.o(i.GPIO_ReadInputDataBit)
    GPIO_WriteBit                            0x08000671   Thumb Code    10  stm32f4xx_gpio.o(i.GPIO_WriteBit)
    HardFault_Handler                        0x0800067b   Thumb Code     4  stm32f10x_it.o(i.HardFault_Handler)
    MemManage_Handler                        0x0800067f   Thumb Code     4  stm32f10x_it.o(i.MemManage_Handler)
    NMI_Handler                              0x08000683   Thumb Code     2  stm32f10x_it.o(i.NMI_Handler)
    NVIC_Configuration                       0x08000685   Thumb Code    60  main.o(i.NVIC_Configuration)
    NVIC_Init                                0x080006c1   Thumb Code   106  misc.o(i.NVIC_Init)
    RCC_AHB1PeriphClockCmd                   0x08000739   Thumb Code    26  stm32f4xx_rcc.o(i.RCC_AHB1PeriphClockCmd)
    RCC_APB1PeriphClockCmd                   0x08000759   Thumb Code    26  stm32f4xx_rcc.o(i.RCC_APB1PeriphClockCmd)
    RCC_APB2PeriphClockCmd                   0x08000779   Thumb Code    26  stm32f4xx_rcc.o(i.RCC_APB2PeriphClockCmd)
    RCC_GetClocksFreq                        0x08000799   Thumb Code   214  stm32f4xx_rcc.o(i.RCC_GetClocksFreq)
    SysTick_Handler                          0x08000959   Thumb Code    46  port.o(i.SysTick_Handler)
    SystemInit                               0x0800098d   Thumb Code    88  system_stm32f4xx.o(i.SystemInit)
    TIM2_IRQHandler                          0x080009f5   Thumb Code     8  stm32f10x_it.o(i.TIM2_IRQHandler)
    TIM_ClearFlag                            0x080009fd   Thumb Code     6  stm32f4xx_tim.o(i.TIM_ClearFlag)
    TIM_Cmd                                  0x08000a03   Thumb Code    24  stm32f4xx_tim.o(i.TIM_Cmd)
    TIM_ITConfig                             0x08000a1b   Thumb Code    18  stm32f4xx_tim.o(i.TIM_ITConfig)
    TIM_SetCounter                           0x08000a2d   Thumb Code     4  stm32f4xx_tim.o(i.TIM_SetCounter)
    TIM_TimeBaseInit                         0x08000a31   Thumb Code   104  stm32f4xx_tim.o(i.TIM_TimeBaseInit)
    UART1_IRQ                                0x08000ab5   Thumb Code    42  portserial.o(i.UART1_IRQ)
    USART1_IRQHandler                        0x08000aed   Thumb Code     8  stm32f10x_it.o(i.USART1_IRQHandler)
    USART2_Init                              0x08000af5   Thumb Code   160  usart.o(i.USART2_Init)
    USART_ClearITPendingBit                  0x08000b9d   Thumb Code    30  stm32f4xx_usart.o(i.USART_ClearITPendingBit)
    USART_Cmd                                0x08000bbb   Thumb Code    24  stm32f4xx_usart.o(i.USART_Cmd)
    USART_GetITStatus                        0x08000bd3   Thumb Code    84  stm32f4xx_usart.o(i.USART_GetITStatus)
    USART_ITConfig                           0x08000c27   Thumb Code    74  stm32f4xx_usart.o(i.USART_ITConfig)
    USART_Init                               0x08000c71   Thumb Code   204  stm32f4xx_usart.o(i.USART_Init)
    USART_ReceiveData                        0x08000d45   Thumb Code    10  stm32f4xx_usart.o(i.USART_ReceiveData)
    USART_SendData                           0x08000d4f   Thumb Code     8  stm32f4xx_usart.o(i.USART_SendData)
    UsageFault_Handler                       0x08000d57   Thumb Code     4  stm32f10x_it.o(i.UsageFault_Handler)
    eMBASCIIInit                             0x08000d5d   Thumb Code    68  mbascii.o(i.eMBASCIIInit)
    eMBASCIIReceive                          0x08000da5   Thumb Code    76  mbascii.o(i.eMBASCIIReceive)
    eMBASCIISend                             0x08000df9   Thumb Code   110  mbascii.o(i.eMBASCIISend)
    eMBASCIIStart                            0x08000e7d   Thumb Code    32  mbascii.o(i.eMBASCIIStart)
    eMBASCIIStop                             0x08000ea1   Thumb Code    24  mbascii.o(i.eMBASCIIStop)
    eMBEnable                                0x08000eb9   Thumb Code    32  mb.o(i.eMBEnable)
    eMBFuncReadCoils                         0x08000ee1   Thumb Code   174  mbfunccoils.o(i.eMBFuncReadCoils)
    eMBFuncReadDiscreteInputs                0x08000f8f   Thumb Code   172  mbfuncdisc.o(i.eMBFuncReadDiscreteInputs)
    eMBFuncReadHoldingRegister               0x0800103b   Thumb Code   140  mbfuncholding.o(i.eMBFuncReadHoldingRegister)
    eMBFuncReadInputRegister                 0x080010c7   Thumb Code   140  mbfuncinput.o(i.eMBFuncReadInputRegister)
    eMBFuncReadWriteMultipleHoldingRegister  0x08001153   Thumb Code   212  mbfuncholding.o(i.eMBFuncReadWriteMultipleHoldingRegister)
    eMBFuncReportSlaveID                     0x08001229   Thumb Code    30  mbfuncother.o(i.eMBFuncReportSlaveID)
    eMBFuncWriteCoil                         0x08001251   Thumb Code   112  mbfunccoils.o(i.eMBFuncWriteCoil)
    eMBFuncWriteHoldingRegister              0x080012c1   Thumb Code    66  mbfuncholding.o(i.eMBFuncWriteHoldingRegister)
    eMBFuncWriteMultipleCoils                0x08001303   Thumb Code   144  mbfunccoils.o(i.eMBFuncWriteMultipleCoils)
    eMBFuncWriteMultipleHoldingRegister      0x08001393   Thumb Code   110  mbfuncholding.o(i.eMBFuncWriteMultipleHoldingRegister)
    eMBInit                                  0x08001401   Thumb Code   222  mb.o(i.eMBInit)
    eMBPoll                                  0x08001545   Thumb Code   268  mb.o(i.eMBPoll)
    eMBRTUInit                               0x0800167d   Thumb Code    84  mbrtu.o(i.eMBRTUInit)
    eMBRTUReceive                            0x080016d5   Thumb Code    78  mbrtu.o(i.eMBRTUReceive)
    eMBRTUSend                               0x0800172d   Thumb Code   124  mbrtu.o(i.eMBRTUSend)
    eMBRTUStart                              0x080017bd   Thumb Code    30  mbrtu.o(i.eMBRTUStart)
    eMBRTUStop                               0x080017e1   Thumb Code    24  mbrtu.o(i.eMBRTUStop)
    eMBRegCoilsCB                            0x080017f9   Thumb Code     8  main.o(i.eMBRegCoilsCB)
    eMBRegDiscreteCB                         0x08001801   Thumb Code     6  main.o(i.eMBRegDiscreteCB)
    eMBRegHoldingCB                          0x08001809   Thumb Code   122  main.o(i.eMBRegHoldingCB)
    eMBRegInputCB                            0x0800188d   Thumb Code    66  main.o(i.eMBRegInputCB)
    gpio_init                                0x080018d9   Thumb Code   244  gpio.o(i.gpio_init)
    gpio_led_state                           0x080019d5   Thumb Code    96  gpio.o(i.gpio_led_state)
    main                                     0x08001a39   Thumb Code   124  main.o(i.main)
    prveMBError2Exception                    0x0800238d   Thumb Code    34  mbutils.o(i.prveMBError2Exception)
    prvvTIMERExpiredISR                      0x08002419   Thumb Code    10  porttimer.o(i.prvvTIMERExpiredISR)
    pvPortMalloc                             0x08002429   Thumb Code   102  heap_1.o(i.pvPortMalloc)
    pvTaskIncrementMutexHeldCount            0x080024a1   Thumb Code    26  tasks.o(i.pvTaskIncrementMutexHeldCount)
    pxPortInitialiseStack                    0x080024c1   Thumb Code    38  port.o(i.pxPortInitialiseStack)
    usMBCRC16                                0x080024ed   Thumb Code    48  mbcrc.o(i.usMBCRC16)
    uxListRemove                             0x08002525   Thumb Code    40  list.o(i.uxListRemove)
    vApplicationIdleHook                     0x0800254d   Thumb Code    20  main.o(i.vApplicationIdleHook)
    vApplicationMallocFailedHook             0x08002565   Thumb Code    22  main.o(i.vApplicationMallocFailedHook)
    vApplicationTickHook                     0x0800257d   Thumb Code    20  main.o(i.vApplicationTickHook)
    vListInitialise                          0x08002595   Thumb Code    26  list.o(i.vListInitialise)
    vListInitialiseItem                      0x080025af   Thumb Code     6  list.o(i.vListInitialiseItem)
    vListInsert                              0x080025b5   Thumb Code    52  list.o(i.vListInsert)
    vListInsertEnd                           0x080025e9   Thumb Code    24  list.o(i.vListInsertEnd)
    vMBPortSerialEnable                      0x08002601   Thumb Code    72  portserial.o(i.vMBPortSerialEnable)
    vMBPortTimersDisable                     0x0800264d   Thumb Code    24  porttimer.o(i.vMBPortTimersDisable)
    vMBPortTimersEnable                      0x08002665   Thumb Code    40  porttimer.o(i.vMBPortTimersEnable)
    vPortEnterCritical                       0x0800268d   Thumb Code    76  port.o(i.vPortEnterCritical)
    vPortExitCritical                        0x080026e1   Thumb Code    56  port.o(i.vPortExitCritical)
    vPortFree                                0x0800271d   Thumb Code    34  heap_1.o(i.vPortFree)
    vPortSetupTimerInterrupt                 0x08002741   Thumb Code    14  port.o(i.vPortSetupTimerInterrupt)
    vPortValidateInterruptPriority           0x08002755   Thumb Code   106  port.o(i.vPortValidateInterruptPriority)
    vQueueAddToRegistry                      0x080027cd   Thumb Code    38  queue.o(i.vQueueAddToRegistry)
    vQueueWaitForMessageRestricted           0x080027f9   Thumb Code    74  queue.o(i.vQueueWaitForMessageRestricted)
    vTaskDelay                               0x08002845   Thumb Code    82  tasks.o(i.vTaskDelay)
    vTaskMissedYield                         0x080028a1   Thumb Code     8  tasks.o(i.vTaskMissedYield)
    vTaskPlaceOnEventList                    0x080028ad   Thumb Code    52  tasks.o(i.vTaskPlaceOnEventList)
    vTaskPlaceOnEventListRestricted          0x080028e5   Thumb Code    60  tasks.o(i.vTaskPlaceOnEventListRestricted)
    vTaskPriorityInherit                     0x08002925   Thumb Code   164  tasks.o(i.vTaskPriorityInherit)
    vTaskSetTimeOutState                     0x080029d5   Thumb Code    38  tasks.o(i.vTaskSetTimeOutState)
    vTaskStartScheduler                      0x08002a05   Thumb Code   118  tasks.o(i.vTaskStartScheduler)
    vTaskSuspendAll                          0x08002a99   Thumb Code    12  tasks.o(i.vTaskSuspendAll)
    vTaskSwitchContext                       0x08002aa9   Thumb Code   118  tasks.o(i.vTaskSwitchContext)
    vTask_citaj_tipku                        0x08002bcd   Thumb Code   142  main.o(i.vTask_citaj_tipku)
    vTask_motor                              0x08002c65   Thumb Code   266  main.o(i.vTask_motor)
    xMBASCIIReceiveFSM                       0x08002d79   Thumb Code   276  mbascii.o(i.xMBASCIIReceiveFSM)
    xMBASCIITimerT1SExpired                  0x08002ea1   Thumb Code    38  mbascii.o(i.xMBASCIITimerT1SExpired)
    xMBASCIITransmitFSM                      0x08002ecd   Thumb Code   220  mbascii.o(i.xMBASCIITransmitFSM)
    xMBPortEventGet                          0x08002fbd   Thumb Code    26  portevent.o(i.xMBPortEventGet)
    xMBPortEventInit                         0x08002fe1   Thumb Code    10  portevent.o(i.xMBPortEventInit)
    xMBPortEventPost                         0x08002ff1   Thumb Code    16  portevent.o(i.xMBPortEventPost)
    xMBPortSerialGetByte                     0x08003009   Thumb Code    26  portserial.o(i.xMBPortSerialGetByte)
    xMBPortSerialInit                        0x08003029   Thumb Code   218  portserial.o(i.xMBPortSerialInit)
    xMBPortSerialPutByte                     0x0800310d   Thumb Code    32  portserial.o(i.xMBPortSerialPutByte)
    xMBPortTimersInit                        0x08003131   Thumb Code    58  porttimer.o(i.xMBPortTimersInit)
    xMBRTUReceiveFSM                         0x0800316d   Thumb Code   122  mbrtu.o(i.xMBRTUReceiveFSM)
    xMBRTUTimerT35Expired                    0x080031f5   Thumb Code    60  mbrtu.o(i.xMBRTUTimerT35Expired)
    xMBRTUTransmitFSM                        0x08003235   Thumb Code    94  mbrtu.o(i.xMBRTUTransmitFSM)
    xPortStartScheduler                      0x080032a1   Thumb Code   288  port.o(i.xPortStartScheduler)
    xQueueGenericCreate                      0x080033dd   Thumb Code    88  queue.o(i.xQueueGenericCreate)
    xQueueGenericReceive                     0x08003435   Thumb Code   446  queue.o(i.xQueueGenericReceive)
    xQueueGenericReset                       0x080035f9   Thumb Code   146  queue.o(i.xQueueGenericReset)
    xQueueGenericSend                        0x08003691   Thumb Code   420  queue.o(i.xQueueGenericSend)
    xQueueGenericSendFromISR                 0x08003839   Thumb Code   248  queue.o(i.xQueueGenericSendFromISR)
    xTaskCheckForTimeOut                     0x08003931   Thumb Code   132  tasks.o(i.xTaskCheckForTimeOut)
    xTaskCreate                              0x080039bd   Thumb Code    96  tasks.o(i.xTaskCreate)
    xTaskGetSchedulerState                   0x08003a1d   Thumb Code    24  tasks.o(i.xTaskGetSchedulerState)
    xTaskGetTickCount                        0x08003a3d   Thumb Code     6  tasks.o(i.xTaskGetTickCount)
    xTaskIncrementTick                       0x08003a49   Thumb Code   296  tasks.o(i.xTaskIncrementTick)
    xTaskPriorityDisinherit                  0x08003b9d   Thumb Code   188  tasks.o(i.xTaskPriorityDisinherit)
    xTaskRemoveFromEventList                 0x08003c65   Thumb Code   128  tasks.o(i.xTaskRemoveFromEventList)
    xTaskResumeAll                           0x08003cfd   Thumb Code   224  tasks.o(i.xTaskResumeAll)
    xTimerCreateTimerTask                    0x08003e01   Thumb Code    66  timers.o(i.xTimerCreateTimerTask)
    xTimerGenericCommand                     0x08003e59   Thumb Code   126  timers.o(i.xTimerGenericCommand)
    _fp_init                                 0x08003edd   Thumb Code    10  fpinit.o(x$fpl$fpinit)
    __fplib_config_fpu_vfp                   0x08003ee5   Thumb Code     0  fpinit.o(x$fpl$fpinit)
    __fplib_config_pureend_doubles           0x08003ee5   Thumb Code     0  fpinit.o(x$fpl$fpinit)
    Region$$Table$$Base                      0x080040e8   Number         0  anon$$obj.o(Region$$Table)
    Region$$Table$$Limit                     0x08004108   Number         0  anon$$obj.o(Region$$Table)
    xQueue                                   0x20000014   Data           4  main.o(.data)
    u64Ticks                                 0x20000018   Data           8  main.o(.data)
    u64IdleTicks                             0x20000020   Data           8  main.o(.data)
    u64IdleTicksCnt                          0x20000028   Data           8  main.o(.data)
    pxCurrentTCB                             0x20000030   Data           4  tasks.o(.data)
    pxMBFrameCBByteReceived                  0x200000d0   Data           4  mb.o(.data)
    pxMBFrameCBTransmitterEmpty              0x200000d4   Data           4  mb.o(.data)
    pxMBPortCBTimerExpired                   0x200000d8   Data           4  mb.o(.data)
    pxMBFrameCBReceiveFSMCur                 0x200000dc   Data           4  mb.o(.data)
    pxMBFrameCBTransmitFSMCur                0x200000e0   Data           4  mb.o(.data)
    xQueueRegistry                           0x20000230   Data          64  queue.o(.bss)
    ucRTUBuf                                 0x20012f60   Data         256  mbrtu.o(.bss)
    __libspace_start                         0x20013080   Data          96  libspace.o(.bss)
    __temporary_stack_top$libspace           0x200130e0   Data           0  libspace.o(.bss)



==============================================================================

Memory Map of the image

  Image Entry point : 0x08000331

  Load Region LR_1 (Base: 0x08000000, Size: 0x00004278, Max: 0xffffffff, ABSOLUTE, COMPRESSED[0x00004164])

    Execution Region ER_RO (Base: 0x08000000, Size: 0x00004108, Max: 0xffffffff, ABSOLUTE)

    Base Addr    Size         Type   Attr      Idx    E Section Name        Object

    0x08000000   0x00000198   Data   RO            3    RESET               startup_stm32f411xe.o
    0x08000198   0x00000008   Code   RO         6889  * !!!main             c_w.l(__main.o)
    0x080001a0   0x00000034   Code   RO         7054    !!!scatter          c_w.l(__scatter.o)
    0x080001d4   0x0000005a   Code   RO         7052    !!dczerorl2         c_w.l(__dczerorl2.o)
    0x0800022e   0x00000002   PAD
    0x08000230   0x0000001c   Code   RO         7056    !!handler_zi        c_w.l(__scatter_zi.o)
    0x0800024c   0x00000002   Code   RO         6922    .ARM.Collect$$libinit$$00000000  c_w.l(libinit.o)
    0x0800024e   0x00000004   Code   RO         6928    .ARM.Collect$$libinit$$00000001  c_w.l(libinit2.o)
    0x08000252   0x00000000   Code   RO         6931    .ARM.Collect$$libinit$$00000004  c_w.l(libinit2.o)
    0x08000252   0x00000000   Code   RO         6934    .ARM.Collect$$libinit$$0000000A  c_w.l(libinit2.o)
    0x08000252   0x00000000   Code   RO         6936    .ARM.Collect$$libinit$$0000000C  c_w.l(libinit2.o)
    0x08000252   0x00000000   Code   RO         6938    .ARM.Collect$$libinit$$0000000E  c_w.l(libinit2.o)
    0x08000252   0x00000000   Code   RO         6941    .ARM.Collect$$libinit$$00000011  c_w.l(libinit2.o)
    0x08000252   0x00000000   Code   RO         6943    .ARM.Collect$$libinit$$00000013  c_w.l(libinit2.o)
    0x08000252   0x00000000   Code   RO         6945    .ARM.Collect$$libinit$$00000015  c_w.l(libinit2.o)
    0x08000252   0x00000000   Code   RO         6947    .ARM.Collect$$libinit$$00000017  c_w.l(libinit2.o)
    0x08000252   0x00000000   Code   RO         6949    .ARM.Collect$$libinit$$00000019  c_w.l(libinit2.o)
    0x08000252   0x00000000   Code   RO         6951    .ARM.Collect$$libinit$$0000001B  c_w.l(libinit2.o)
    0x08000252   0x00000000   Code   RO         6953    .ARM.Collect$$libinit$$0000001D  c_w.l(libinit2.o)
    0x08000252   0x00000000   Code   RO         6955    .ARM.Collect$$libinit$$0000001F  c_w.l(libinit2.o)
    0x08000252   0x00000000   Code   RO         6957    .ARM.Collect$$libinit$$00000021  c_w.l(libinit2.o)
    0x08000252   0x00000000   Code   RO         6959    .ARM.Collect$$libinit$$00000023  c_w.l(libinit2.o)
    0x08000252   0x00000000   Code   RO         6961    .ARM.Collect$$libinit$$00000025  c_w.l(libinit2.o)
    0x08000252   0x00000000   Code   RO         6965    .ARM.Collect$$libinit$$0000002C  c_w.l(libinit2.o)
    0x08000252   0x00000000   Code   RO         6967    .ARM.Collect$$libinit$$0000002E  c_w.l(libinit2.o)
    0x08000252   0x00000000   Code   RO         6969    .ARM.Collect$$libinit$$00000030  c_w.l(libinit2.o)
    0x08000252   0x00000000   Code   RO         6971    .ARM.Collect$$libinit$$00000032  c_w.l(libinit2.o)
    0x08000252   0x00000002   Code   RO         6972    .ARM.Collect$$libinit$$00000033  c_w.l(libinit2.o)
    0x08000254   0x00000002   Code   RO         6992    .ARM.Collect$$libshutdown$$00000000  c_w.l(libshutdown.o)
    0x08000256   0x00000000   Code   RO         7005    .ARM.Collect$$libshutdown$$00000002  c_w.l(libshutdown2.o)
    0x08000256   0x00000000   Code   RO         7007    .ARM.Collect$$libshutdown$$00000004  c_w.l(libshutdown2.o)
    0x08000256   0x00000000   Code   RO         7010    .ARM.Collect$$libshutdown$$00000007  c_w.l(libshutdown2.o)
    0x08000256   0x00000000   Code   RO         7013    .ARM.Collect$$libshutdown$$0000000A  c_w.l(libshutdown2.o)
    0x08000256   0x00000000   Code   RO         7015    .ARM.Collect$$libshutdown$$0000000C  c_w.l(libshutdown2.o)
    0x08000256   0x00000000   Code   RO         7018    .ARM.Collect$$libshutdown$$0000000F  c_w.l(libshutdown2.o)
    0x08000256   0x00000002   Code   RO         7019    .ARM.Collect$$libshutdown$$00000010  c_w.l(libshutdown2.o)
    0x08000258   0x00000000   Code   RO         6891    .ARM.Collect$$rtentry$$00000000  c_w.l(__rtentry.o)
    0x08000258   0x00000000   Code   RO         6897    .ARM.Collect$$rtentry$$00000002  c_w.l(__rtentry2.o)
    0x08000258   0x00000006   Code   RO         6909    .ARM.Collect$$rtentry$$00000004  c_w.l(__rtentry4.o)
    0x0800025e   0x00000000   Code   RO         6899    .ARM.Collect$$rtentry$$00000009  c_w.l(__rtentry2.o)
    0x0800025e   0x00000004   Code   RO         6900    .ARM.Collect$$rtentry$$0000000A  c_w.l(__rtentry2.o)
    0x08000262   0x00000000   Code   RO         6902    .ARM.Collect$$rtentry$$0000000C  c_w.l(__rtentry2.o)
    0x08000262   0x00000008   Code   RO         6903    .ARM.Collect$$rtentry$$0000000D  c_w.l(__rtentry2.o)
    0x0800026a   0x00000002   Code   RO         6926    .ARM.Collect$$rtexit$$00000000  c_w.l(rtexit.o)
    0x0800026c   0x00000000   Code   RO         6974    .ARM.Collect$$rtexit$$00000002  c_w.l(rtexit2.o)
    0x0800026c   0x00000004   Code   RO         6975    .ARM.Collect$$rtexit$$00000003  c_w.l(rtexit2.o)
    0x08000270   0x00000006   Code   RO         6976    .ARM.Collect$$rtexit$$00000004  c_w.l(rtexit2.o)
    0x08000276   0x00000002   PAD
    0x08000278   0x000000b6   Code   RO         6132    .emb_text           port.o
    0x0800032e   0x00000002   PAD
    0x08000330   0x00000040   Code   RO            4  * .text               startup_stm32f411xe.o
    0x08000370   0x0000008a   Code   RO         6883    .text               c_w.l(rt_memcpy_v6.o)
    0x080003fa   0x00000010   Code   RO         6885    .text               c_w.l(aeabi_memset.o)
    0x0800040a   0x00000006   Code   RO         6887    .text               c_w.l(heapauxi.o)
    0x08000410   0x00000064   Code   RO         6892    .text               c_w.l(rt_memcpy_w.o)
    0x08000474   0x00000044   Code   RO         6894    .text               c_w.l(rt_memclr.o)
    0x080004b8   0x0000004e   Code   RO         6911    .text               c_w.l(rt_memclr_w.o)
    0x08000506   0x0000004a   Code   RO         6913    .text               c_w.l(sys_stackheap_outer.o)
    0x08000550   0x00000012   Code   RO         6915    .text               c_w.l(exit.o)
    0x08000562   0x00000002   PAD
    0x08000564   0x00000008   Code   RO         6923    .text               c_w.l(libspace.o)
    0x0800056c   0x0000000c   Code   RO         6984    .text               c_w.l(sys_exit.o)
    0x08000578   0x00000002   Code   RO         6995    .text               c_w.l(use_no_semi.o)
    0x0800057a   0x00000000   Code   RO         6997    .text               c_w.l(indicate_semi.o)
    0x0800057a   0x00000004   Code   RO          202    i.BusFault_Handler  stm32f10x_it.o
    0x0800057e   0x00000002   Code   RO          203    i.DebugMon_Handler  stm32f10x_it.o
    0x08000580   0x00000004   Code   RO         6769    i.EnterCriticalSection  portserial.o
    0x08000584   0x00000004   Code   RO         6770    i.ExitCriticalSection  portserial.o
    0x08000588   0x00000090   Code   RO         2020    i.GPIO_Init         stm32f4xx_gpio.o
    0x08000618   0x00000046   Code   RO         2021    i.GPIO_PinAFConfig  stm32f4xx_gpio.o
    0x0800065e   0x00000012   Code   RO         2024    i.GPIO_ReadInputDataBit  stm32f4xx_gpio.o
    0x08000670   0x0000000a   Code   RO         2032    i.GPIO_WriteBit     stm32f4xx_gpio.o
    0x0800067a   0x00000004   Code   RO          204    i.HardFault_Handler  stm32f10x_it.o
    0x0800067e   0x00000004   Code   RO          205    i.MemManage_Handler  stm32f10x_it.o
    0x08000682   0x00000002   Code   RO          206    i.NMI_Handler       stm32f10x_it.o
    0x08000684   0x0000003c   Code   RO         5090    i.NVIC_Configuration  main.o
    0x080006c0   0x00000078   Code   RO          271    i.NVIC_Init         misc.o
    0x08000738   0x00000020   Code   RO         2961    i.RCC_AHB1PeriphClockCmd  stm32f4xx_rcc.o
    0x08000758   0x00000020   Code   RO         2967    i.RCC_APB1PeriphClockCmd  stm32f4xx_rcc.o
    0x08000778   0x00000020   Code   RO         2970    i.RCC_APB2PeriphClockCmd  stm32f4xx_rcc.o
    0x08000798   0x000000e8   Code   RO         2979    i.RCC_GetClocksFreq  stm32f4xx_rcc.o
    0x08000880   0x0000009c   Code   RO           13    i.SetSysClock       system_stm32f4xx.o
    0x0800091c   0x0000003c   Code   RO         5091    i.SetupHardware     main.o
    0x08000958   0x00000034   Code   RO         6133    i.SysTick_Handler   port.o
    0x0800098c   0x00000068   Code   RO           15    i.SystemInit        system_stm32f4xx.o
    0x080009f4   0x00000008   Code   RO          207    i.TIM2_IRQHandler   stm32f10x_it.o
    0x080009fc   0x00000006   Code   RO         4276    i.TIM_ClearFlag     stm32f4xx_tim.o
    0x08000a02   0x00000018   Code   RO         4282    i.TIM_Cmd           stm32f4xx_tim.o
    0x08000a1a   0x00000012   Code   RO         4307    i.TIM_ITConfig      stm32f4xx_tim.o
    0x08000a2c   0x00000004   Code   RO         4348    i.TIM_SetCounter    stm32f4xx_tim.o
    0x08000a30   0x00000084   Code   RO         4354    i.TIM_TimeBaseInit  stm32f4xx_tim.o
    0x08000ab4   0x00000038   Code   RO         6771    i.UART1_IRQ         portserial.o
    0x08000aec   0x00000008   Code   RO          208    i.USART1_IRQHandler  stm32f10x_it.o
    0x08000af4   0x000000a8   Code   RO         5288    i.USART2_Init       usart.o
    0x08000b9c   0x0000001e   Code   RO         4833    i.USART_ClearITPendingBit  stm32f4xx_usart.o
    0x08000bba   0x00000018   Code   RO         4836    i.USART_Cmd         stm32f4xx_usart.o
    0x08000bd2   0x00000054   Code   RO         4840    i.USART_GetITStatus  stm32f4xx_usart.o
    0x08000c26   0x0000004a   Code   RO         4842    i.USART_ITConfig    stm32f4xx_usart.o
    0x08000c70   0x000000d4   Code   RO         4843    i.USART_Init        stm32f4xx_usart.o
    0x08000d44   0x0000000a   Code   RO         4850    i.USART_ReceiveData  stm32f4xx_usart.o
    0x08000d4e   0x00000008   Code   RO         4853    i.USART_SendData    stm32f4xx_usart.o
    0x08000d56   0x00000004   Code   RO          209    i.UsageFault_Handler  stm32f10x_it.o
    0x08000d5a   0x00000002   PAD
    0x08000d5c   0x00000048   Code   RO         6572    i.eMBASCIIInit      mbascii.o
    0x08000da4   0x00000054   Code   RO         6573    i.eMBASCIIReceive   mbascii.o
    0x08000df8   0x00000084   Code   RO         6574    i.eMBASCIISend      mbascii.o
    0x08000e7c   0x00000024   Code   RO         6575    i.eMBASCIIStart     mbascii.o
    0x08000ea0   0x00000018   Code   RO         6576    i.eMBASCIIStop      mbascii.o
    0x08000eb8   0x00000028   Code   RO         6664    i.eMBEnable         mb.o
    0x08000ee0   0x000000ae   Code   RO         6374    i.eMBFuncReadCoils  mbfunccoils.o
    0x08000f8e   0x000000ac   Code   RO         6413    i.eMBFuncReadDiscreteInputs  mbfuncdisc.o
    0x0800103a   0x0000008c   Code   RO         6437    i.eMBFuncReadHoldingRegister  mbfuncholding.o
    0x080010c6   0x0000008c   Code   RO         6479    i.eMBFuncReadInputRegister  mbfuncinput.o
    0x08001152   0x000000d4   Code   RO         6438    i.eMBFuncReadWriteMultipleHoldingRegister  mbfuncholding.o
    0x08001226   0x00000002   PAD
    0x08001228   0x00000028   Code   RO         6503    i.eMBFuncReportSlaveID  mbfuncother.o
    0x08001250   0x00000070   Code   RO         6375    i.eMBFuncWriteCoil  mbfunccoils.o
    0x080012c0   0x00000042   Code   RO         6439    i.eMBFuncWriteHoldingRegister  mbfuncholding.o
    0x08001302   0x00000090   Code   RO         6376    i.eMBFuncWriteMultipleCoils  mbfunccoils.o
    0x08001392   0x0000006e   Code   RO         6440    i.eMBFuncWriteMultipleHoldingRegister  mbfuncholding.o
    0x08001400   0x00000144   Code   RO         6665    i.eMBInit           mb.o
    0x08001544   0x00000138   Code   RO         6666    i.eMBPoll           mb.o
    0x0800167c   0x00000058   Code   RO         6271    i.eMBRTUInit        mbrtu.o
    0x080016d4   0x00000058   Code   RO         6272    i.eMBRTUReceive     mbrtu.o
    0x0800172c   0x00000090   Code   RO         6273    i.eMBRTUSend        mbrtu.o
    0x080017bc   0x00000024   Code   RO         6274    i.eMBRTUStart       mbrtu.o
    0x080017e0   0x00000018   Code   RO         6275    i.eMBRTUStop        mbrtu.o
    0x080017f8   0x00000008   Code   RO         5092    i.eMBRegCoilsCB     main.o
    0x08001800   0x00000006   Code   RO         5093    i.eMBRegDiscreteCB  main.o
    0x08001806   0x00000002   PAD
    0x08001808   0x00000084   Code   RO         5094    i.eMBRegHoldingCB   main.o
    0x0800188c   0x0000004c   Code   RO         5095    i.eMBRegInputCB     main.o
    0x080018d8   0x000000fc   Code   RO         5257    i.gpio_init         gpio.o
    0x080019d4   0x00000064   Code   RO         5258    i.gpio_led_state    gpio.o
    0x08001a38   0x000000b0   Code   RO         5096    i.main              main.o
    0x08001ae8   0x00000098   Code   RO         5677    i.prvAddCurrentTaskToDelayedList  tasks.o
    0x08001b80   0x000000b8   Code   RO         5678    i.prvAddNewTaskToReadyList  tasks.o
    0x08001c38   0x00000064   Code   RO         6014    i.prvCheckForValidListAndQueue  timers.o
    0x08001c9c   0x00000064   Code   RO         5679    i.prvCheckTasksWaitingTermination  tasks.o
    0x08001d00   0x0000002a   Code   RO         5479    i.prvCopyDataFromQueue  queue.o
    0x08001d2a   0x0000007c   Code   RO         5480    i.prvCopyDataToQueue  queue.o
    0x08001da6   0x00000012   Code   RO         5680    i.prvDeleteTCB      tasks.o
    0x08001db8   0x00000028   Code   RO         6015    i.prvGetNextExpireTime  timers.o
    0x08001de0   0x0000002c   Code   RO         5681    i.prvIdleTask       tasks.o
    0x08001e0c   0x0000002a   Code   RO         5482    i.prvInitialiseNewQueue  queue.o
    0x08001e36   0x000000b4   Code   RO         5682    i.prvInitialiseNewTask  tasks.o
    0x08001eea   0x00000002   PAD
    0x08001eec   0x00000068   Code   RO         5683    i.prvInitialiseTaskLists  tasks.o
    0x08001f54   0x00000058   Code   RO         6017    i.prvInsertTimerInActiveList  timers.o
    0x08001fac   0x0000001a   Code   RO         5483    i.prvIsQueueEmpty   queue.o
    0x08001fc6   0x0000001e   Code   RO         5484    i.prvIsQueueFull    queue.o
    0x08001fe4   0x00000064   Code   RO         6018    i.prvProcessExpiredTimer  timers.o
    0x08002048   0x000000f8   Code   RO         6019    i.prvProcessReceivedCommands  timers.o
    0x08002140   0x00000074   Code   RO         6020    i.prvProcessTimerOrBlockTask  timers.o
    0x080021b4   0x00000034   Code   RO         5685    i.prvResetNextTaskUnblockTime  tasks.o
    0x080021e8   0x0000002c   Code   RO         6021    i.prvSampleTimeNow  timers.o
    0x08002214   0x000000a0   Code   RO         6022    i.prvSwitchTimerLists  timers.o
    0x080022b4   0x00000040   Code   RO         6134    i.prvTaskExitError  port.o
    0x080022f4   0x0000001a   Code   RO         6023    i.prvTimerTask      timers.o
    0x0800230e   0x0000007e   Code   RO         5485    i.prvUnlockQueue    queue.o
    0x0800238c   0x00000022   Code   RO         6536    i.prveMBError2Exception  mbutils.o
    0x080023ae   0x00000022   Code   RO         6577    i.prvucMBBIN2CHAR   mbascii.o
    0x080023d0   0x00000026   Code   RO         6578    i.prvucMBCHAR2BIN   mbascii.o
    0x080023f6   0x00000020   Code   RO         6579    i.prvucMBLRC        mbascii.o
    0x08002416   0x00000002   PAD
    0x08002418   0x00000010   Code   RO         6842    i.prvvTIMERExpiredISR  porttimer.o
    0x08002428   0x00000078   Code   RO         6209    i.pvPortMalloc      heap_1.o
    0x080024a0   0x00000020   Code   RO         5688    i.pvTaskIncrementMutexHeldCount  tasks.o
    0x080024c0   0x0000002c   Code   RO         6135    i.pxPortInitialiseStack  port.o
    0x080024ec   0x00000038   Code   RO         6245    i.usMBCRC16         mbcrc.o
    0x08002524   0x00000028   Code   RO         5442    i.uxListRemove      list.o
    0x0800254c   0x00000018   Code   RO         5097    i.vApplicationIdleHook  main.o
    0x08002564   0x00000016   Code   RO         5098    i.vApplicationMallocFailedHook  main.o
    0x0800257a   0x00000002   PAD
    0x0800257c   0x00000018   Code   RO         5099    i.vApplicationTickHook  main.o
    0x08002594   0x0000001a   Code   RO         5443    i.vListInitialise   list.o
    0x080025ae   0x00000006   Code   RO         5444    i.vListInitialiseItem  list.o
    0x080025b4   0x00000034   Code   RO         5445    i.vListInsert       list.o
    0x080025e8   0x00000018   Code   RO         5446    i.vListInsertEnd    list.o
    0x08002600   0x0000004c   Code   RO         6772    i.vMBPortSerialEnable  portserial.o
    0x0800264c   0x00000018   Code   RO         6843    i.vMBPortTimersDisable  porttimer.o
    0x08002664   0x00000028   Code   RO         6844    i.vMBPortTimersEnable  porttimer.o
    0x0800268c   0x00000054   Code   RO         6137    i.vPortEnterCritical  port.o
    0x080026e0   0x0000003c   Code   RO         6138    i.vPortExitCritical  port.o
    0x0800271c   0x00000022   Code   RO         6210    i.vPortFree         heap_1.o
    0x0800273e   0x00000002   PAD
    0x08002740   0x00000014   Code   RO         6139    i.vPortSetupTimerInterrupt  port.o
    0x08002754   0x00000078   Code   RO         6140    i.vPortValidateInterruptPriority  port.o
    0x080027cc   0x0000002c   Code   RO         5491    i.vQueueAddToRegistry  queue.o
    0x080027f8   0x0000004a   Code   RO         5495    i.vQueueWaitForMessageRestricted  queue.o
    0x08002842   0x00000002   PAD
    0x08002844   0x0000005c   Code   RO         5696    i.vTaskDelay        tasks.o
    0x080028a0   0x0000000c   Code   RO         5701    i.vTaskMissedYield  tasks.o
    0x080028ac   0x00000038   Code   RO         5703    i.vTaskPlaceOnEventList  tasks.o
    0x080028e4   0x00000040   Code   RO         5704    i.vTaskPlaceOnEventListRestricted  tasks.o
    0x08002924   0x000000b0   Code   RO         5706    i.vTaskPriorityInherit  tasks.o
    0x080029d4   0x00000030   Code   RO         5710    i.vTaskSetTimeOutState  tasks.o
    0x08002a04   0x00000094   Code   RO         5711    i.vTaskStartScheduler  tasks.o
    0x08002a98   0x00000010   Code   RO         5713    i.vTaskSuspendAll   tasks.o
    0x08002aa8   0x0000008c   Code   RO         5714    i.vTaskSwitchContext  tasks.o
    0x08002b34   0x00000098   Code   RO         5100    i.vTask_Modbus      main.o
    0x08002bcc   0x00000098   Code   RO         5101    i.vTask_citaj_tipku  main.o
    0x08002c64   0x00000114   Code   RO         5102    i.vTask_motor       main.o
    0x08002d78   0x00000128   Code   RO         6580    i.xMBASCIIReceiveFSM  mbascii.o
    0x08002ea0   0x0000002c   Code   RO         6581    i.xMBASCIITimerT1SExpired  mbascii.o
    0x08002ecc   0x000000f0   Code   RO         6582    i.xMBASCIITransmitFSM  mbascii.o
    0x08002fbc   0x00000024   Code   RO         6731    i.xMBPortEventGet   portevent.o
    0x08002fe0   0x00000010   Code   RO         6732    i.xMBPortEventInit  portevent.o
    0x08002ff0   0x00000018   Code   RO         6733    i.xMBPortEventPost  portevent.o
    0x08003008   0x00000020   Code   RO         6773    i.xMBPortSerialGetByte  portserial.o
    0x08003028   0x000000e4   Code   RO         6774    i.xMBPortSerialInit  portserial.o
    0x0800310c   0x00000024   Code   RO         6775    i.xMBPortSerialPutByte  portserial.o
    0x08003130   0x0000003a   Code   RO         6845    i.xMBPortTimersInit  porttimer.o
    0x0800316a   0x00000002   PAD
    0x0800316c   0x00000088   Code   RO         6276    i.xMBRTUReceiveFSM  mbrtu.o
    0x080031f4   0x00000040   Code   RO         6277    i.xMBRTUTimerT35Expired  mbrtu.o
    0x08003234   0x0000006c   Code   RO         6278    i.xMBRTUTransmitFSM  mbrtu.o
    0x080032a0   0x0000013c   Code   RO         6141    i.xPortStartScheduler  port.o
    0x080033dc   0x00000058   Code   RO         5498    i.xQueueGenericCreate  queue.o
    0x08003434   0x000001c4   Code   RO         5499    i.xQueueGenericReceive  queue.o
    0x080035f8   0x00000098   Code   RO         5500    i.xQueueGenericReset  queue.o
    0x08003690   0x000001a8   Code   RO         5501    i.xQueueGenericSend  queue.o
    0x08003838   0x000000f8   Code   RO         5502    i.xQueueGenericSendFromISR  queue.o
    0x08003930   0x0000008c   Code   RO         5715    i.xTaskCheckForTimeOut  tasks.o
    0x080039bc   0x00000060   Code   RO         5716    i.xTaskCreate       tasks.o
    0x08003a1c   0x00000020   Code   RO         5720    i.xTaskGetSchedulerState  tasks.o
    0x08003a3c   0x0000000c   Code   RO         5721    i.xTaskGetTickCount  tasks.o
    0x08003a48   0x00000154   Code   RO         5723    i.xTaskIncrementTick  tasks.o
    0x08003b9c   0x000000c8   Code   RO         5726    i.xTaskPriorityDisinherit  tasks.o
    0x08003c64   0x00000098   Code   RO         5727    i.xTaskRemoveFromEventList  tasks.o
    0x08003cfc   0x00000104   Code   RO         5729    i.xTaskResumeAll    tasks.o
    0x08003e00   0x00000058   Code   RO         6027    i.xTimerCreateTimerTask  timers.o
    0x08003e58   0x00000084   Code   RO         6028    i.xTimerGenericCommand  timers.o
    0x08003edc   0x0000000a   Code   RO         6982    x$fpl$fpinit        fz_wm.l(fpinit.o)
    0x08003ee6   0x00000200   Data   RO         6246    .constdata          mbcrc.o
    0x080040e6   0x00000002   PAD
    0x080040e8   0x00000020   Data   RO         7050    Region$$Table       anon$$obj.o


    Execution Region ER_RW (Base: 0x20000000, Size: 0x00000170, Max: 0xffffffff, ABSOLUTE, COMPRESSED[0x0000005c])

    Base Addr    Size         Type   Attr      Idx    E Section Name        Object

    0x20000000   0x00000010   Data   RW         3009    .data               stm32f4xx_rcc.o
    0x20000010   0x00000020   Data   RW         5104    .data               main.o
    0x20000030   0x0000003c   Data   RW         5732    .data               tasks.o
    0x2000006c   0x00000014   Data   RW         6034    .data               timers.o
    0x20000080   0x0000000c   Data   RW         6142    .data               port.o
    0x2000008c   0x00000008   Data   RW         6214    .data               heap_1.o
    0x20000094   0x0000000c   Data   RW         6280    .data               mbrtu.o
    0x200000a0   0x00000002   Data   RW         6506    .data               mbfuncother.o
    0x200000a2   0x00000002   PAD
    0x200000a4   0x00000014   Data   RW         6583    .data               mbascii.o
    0x200000b8   0x000000b5   Data   RW         6668    .data               mb.o
    0x2000016d   0x00000002   Data   RW         6734    .data               portevent.o


    Execution Region ER_ZI (Base: 0x20000170, Size: 0x00013570, Max: 0xffffffff, ABSOLUTE)

    Base Addr    Size         Type   Attr      Idx    E Section Name        Object

    0x20000170   0x000000c0   Zero   RW         5103    .bss                main.o
    0x20000230   0x00000040   Zero   RW         5510    .bss                queue.o
    0x20000270   0x000000c8   Zero   RW         5731    .bss                tasks.o
    0x20000338   0x00000028   Zero   RW         6033    .bss                timers.o
    0x20000360   0x00012c00   Zero   RW         6213    .bss                heap_1.o
    0x20012f60   0x00000100   Zero   RW         6279    .bss                mbrtu.o
    0x20013060   0x00000020   Zero   RW         6505    .bss                mbfuncother.o
    0x20013080   0x00000060   Zero   RW         6924    .bss                c_w.l(libspace.o)
    0x200130e0   0x00000200   Zero   RW            2    HEAP                startup_stm32f411xe.o
    0x200132e0   0x00000400   Zero   RW            1    STACK               startup_stm32f411xe.o


==============================================================================

Image component sizes


      Code (inc. data)   RO Data    RW Data    ZI Data      Debug   Object Name

         0          0          0          0          0       5200   croutine.o
         0          0          0          0          0      11952   event_groups.o
       352         12          0          0          0       1313   gpio.o
       154         18          0          8      76800       2287   heap_1.o
       148          0          0          0          0       3422   list.o
      1168        118          0         32        192      51875   main.o
       676        154          0        181          0       4388   mb.o
      1032         90          0         20          0       8987   mbascii.o
        56          8        512          0          0       1316   mbcrc.o
       430          0          0          0          0       3962   mbfunccoils.o
       172          0          0          0          0       1668   mbfuncdisc.o
       528          0          0          0          0       5255   mbfuncholding.o
       140          0          0          0          0       1619   mbfuncinput.o
        40         10          0          2         32       1471   mbfuncother.o
       688         72          0         12        256       7275   mbrtu.o
        34          0          0          0          0        644   mbutils.o
       120         14          0          0          0       1192   misc.o
       942         92          0         12          0      11817   port.o
        76         24          0          2          0       2360   portevent.o
       436         38          0          0          0       6374   portserial.o
       138          6          0          0          0       2335   porttimer.o
      1872         22          0          0         64      14017   queue.o
        64         26        408          0       1536        996   startup_stm32f411xe.o
        36          0          0          0          0       4083   stm32f10x_it.o
       242          0          0          0          0       3451   stm32f4xx_gpio.o
       328         36          0         16          0       5159   stm32f4xx_rcc.o
       184         28          0          0          0       4025   stm32f4xx_tim.o
       442          8          0          0          0       6161   stm32f4xx_usart.o
       260         34          0          0          0     261633   system_stm32f4xx.o
      2850        366          0         60        200      23285   tasks.o
      1142        118          0         20         40       9795   timers.o
       168          8          0          0          0        658   usart.o

    ----------------------------------------------------------------------
     14938       1302        954        368      79120     469975   Object Totals
         0          0         32          0          0          0   (incl. Generated)
        20          0          2          3          0          0   (incl. Padding)

    ----------------------------------------------------------------------

      Code (inc. data)   RO Data    RW Data    ZI Data      Debug   Library Member Name

        90          0          0          0          0          0   __dczerorl2.o
         8          0          0          0          0         68   __main.o
         0          0          0          0          0          0   __rtentry.o
        12          0          0          0          0          0   __rtentry2.o
         6          0          0          0          0          0   __rtentry4.o
        52          8          0          0          0          0   __scatter.o
        28          0          0          0          0          0   __scatter_zi.o
        16          0          0          0          0         68   aeabi_memset.o
        18          0          0          0          0         80   exit.o
         6          0          0          0          0        152   heapauxi.o
         0          0          0          0          0          0   indicate_semi.o
         2          0          0          0          0          0   libinit.o
         6          0          0          0          0          0   libinit2.o
         2          0          0          0          0          0   libshutdown.o
         2          0          0          0          0          0   libshutdown2.o
         8          4          0          0         96         68   libspace.o
        68          0          0          0          0         68   rt_memclr.o
        78          0          0          0          0         80   rt_memclr_w.o
       138          0          0          0          0         68   rt_memcpy_v6.o
       100          0          0          0          0         80   rt_memcpy_w.o
         2          0          0          0          0          0   rtexit.o
        10          0          0          0          0          0   rtexit2.o
        12          4          0          0          0         68   sys_exit.o
        74          0          0          0          0         80   sys_stackheap_outer.o
         2          0          0          0          0         68   use_no_semi.o
        10          0          0          0          0        116   fpinit.o

    ----------------------------------------------------------------------
       756         16          0          0         96       1064   Library Totals
         6          0          0          0          0          0   (incl. Padding)

    ----------------------------------------------------------------------

      Code (inc. data)   RO Data    RW Data    ZI Data      Debug   Library Name

       740         16          0          0         96        948   c_w.l
        10          0          0          0          0        116   fz_wm.l

    ----------------------------------------------------------------------
       756         16          0          0         96       1064   Library Totals

    ----------------------------------------------------------------------

==============================================================================


      Code (inc. data)   RO Data    RW Data    ZI Data      Debug   

     15694       1318        954        368      79216     455023   Grand Totals
     15694       1318        954         92      79216     455023   ELF Image Totals (compressed)
     15694       1318        954         92          0          0   ROM Totals

==============================================================================

    Total RO  Size (Code + RO Data)                16648 (  16.26kB)
    Total RW  Size (RW Data + ZI Data)             79584 (  77.72kB)
    Total ROM Size (Code + RO Data + RW Data)      16740 (  16.35kB)

==============================================================================

